Archive member included because of file (symbol)

../cross_compiler/lib/gcc/arm-none-eabi/4.8.1//libgcc.a(_udivsi3.o)
                              binaries/qsort.o (__aeabi_uidiv)
../cross_compiler/lib/gcc/arm-none-eabi/4.8.1//libgcc.a(_divsi3.o)
                              binaries/doprnt.o (__aeabi_idiv)
../cross_compiler/lib/gcc/arm-none-eabi/4.8.1//libgcc.a(_dvmd_tls.o)
                              ../cross_compiler/lib/gcc/arm-none-eabi/4.8.1//libgcc.a(_udivsi3.o) (__aeabi_idiv0)
../cross_compiler/lib/gcc/arm-none-eabi/4.8.1//libgcc.a(_arm_muldivdf3.o)
                              binaries/doprnt.o (__aeabi_dmul)
../cross_compiler/lib/gcc/arm-none-eabi/4.8.1//libgcc.a(_arm_cmpdf2.o)
                              binaries/doprnt.o (__aeabi_dcmplt)
../cross_compiler/lib/gcc/arm-none-eabi/4.8.1//libgcc.a(_arm_fixdfsi.o)
                              binaries/doprnt.o (__aeabi_d2iz)

Allocating common symbols
Common symbol       size              file

netbufpool          0x4               binaries/net.o
readylist           0x2               binaries/ready.o
rfltab              0x5a0             binaries/rflinit.o
netportseed         0x4               binaries/net.o
sleepq              0x2               binaries/clkinit.o
falling_list        0x200             binaries/gpio_init.o
intc_vector         0x200             binaries/evec.o
nnames              0x4               binaries/naminit.o
udptab              0x168             binaries/udp.o
minheap             0x4               binaries/meminit.o
marks               0x50              binaries/mark.o
currpid             0x4               binaries/initialize.o
Lf_data             0x20c             binaries/lfsinit.o
porttab             0x2d0             binaries/ptinit.o
ttytab              0x110             binaries/ttyinit.o
proctab             0x15e0            binaries/initialize.o
eth_a_regs          0x1c              binaries/ethinit.o
prcount             0x4               binaries/initialize.o
lfltab              0xf00             binaries/lflinit.o
rdstab              0x8c              binaries/rdsinit.o
enabled_steps       0x11              binaries/adcinit.o
ethertab            0x138             binaries/ethinit.o
NetData             0xb0              binaries/net.o
nmarks              0x4               binaries/mark.o
Defer               0x8               binaries/resched.o
semtab              0x4b0             binaries/initialize.o
maxheap             0x4               binaries/meminit.o
preempt             0x4               binaries/clkinit.o
buftab              0xf0              binaries/bufinit.o
Rf_data             0x18              binaries/rfsinit.o
mkmutex             0x4               binaries/mark.o
rising_list         0x200             binaries/gpio_init.o
readSem             0x4               binaries/adcinit.o
clktime             0x4               binaries/clkinit.o
arpcache            0x140             binaries/arp.o
icmptab             0x230             binaries/icmp.o
nbpools             0x4               binaries/bufinit.o
queuetab            0x980             binaries/queue.o
ptnextid            0x4               binaries/ptinit.o
Ram                 0x19000           binaries/raminit.o
ipoqueue            0x2c              binaries/ip.o
memlist             0x8               binaries/initialize.o
nametab             0x19a0            binaries/naminit.o
ptfree              0x4               binaries/ptinit.o

Memory Configuration

Name             Origin             Length             Attributes
*default*        0x00000000         0xffffffff

Linker script and memory map

                0x81000000                physbase = 0x81000000
                0x81000000                . = physbase
                0x81000000                . = ALIGN (0x1000)

.text           0x81000000    0x17000
                0x81000000                text = ABSOLUTE (.)
 *(.text .text.*)
 .text          0x81000000       0x4c binaries/start.o
                0x81000000                start
 .text          0x8100004c      0x33c binaries/ascdate.o
                0x8100004c                ascdate
 .text          0x81000388       0x18 binaries/bufinit.o
                0x81000388                bufinit
 .text          0x810003a0       0x68 binaries/chprio.o
                0x810003a0                chprio
 .text          0x81000408       0xf0 binaries/clkhandler.o
                0x81000408                clkhandler
 .text          0x810004f8       0xd4 binaries/clkinit.o
                0x810004f8                clkinit
 .text          0x810005cc       0x50 binaries/close.o
                0x810005cc                close
 .text          0x8100061c        0x0 binaries/conf.o
 .text          0x8100061c       0x68 binaries/control.o
                0x8100061c                control
 .text          0x81000684      0x290 binaries/create.o
                0x81000684                create
 .text          0x81000914       0xb0 binaries/evec.o
                0x81000914                initintc
                0x81000940                set_evec
                0x81000980                irq_dispatch
 .text          0x810009c4       0x10 binaries/exit.o
                0x810009c4                exit
 .text          0x810009d4       0x7c binaries/freebuf.o
                0x810009d4                freebuf
 .text          0x81000a50      0x148 binaries/freemem.o
                0x81000a50                freemem
 .text          0x81000b98       0x78 binaries/getbuf.o
                0x81000b98                getbuf
 .text          0x81000c10       0x50 binaries/getc.o
                0x81000c10                getc
 .text          0x81000c60       0x68 binaries/getdev.o
                0x81000c60                getdev
 .text          0x81000cc8       0xa0 binaries/getitem.o
                0x81000cc8                getitem
                0x81000cf8                getfirst
                0x81000d2c                getlast
 .text          0x81000d68      0x108 binaries/getmem.o
                0x81000d68                getmem
 .text          0x81000e70       0x10 binaries/getpid.o
                0x81000e70                getpid
 .text          0x81000e80       0x5c binaries/getprio.o
                0x81000e80                getprio
 .text          0x81000edc       0xc8 binaries/getstk.o
                0x81000edc                getstk
 .text          0x81000fa4        0x8 binaries/getticks.o
                0x81000fa4                getticks
 .text          0x81000fac       0x38 binaries/gettime.o
                0x81000fac                gettime
 .text          0x81000fe4      0x1f4 binaries/getutime.o
                0x81000fe4                getutime
 .text          0x810011d8       0x50 binaries/init.o
                0x810011d8                init
 .text          0x81001228      0x38c binaries/initialize.o
                0x81001314                nulluser
                0x81001554                stop
                0x81001578                delay
 .text          0x810015b4       0xd0 binaries/insert.o
                0x810015b4                insert
 .text          0x81001684      0x134 binaries/insertd.o
                0x81001684                insertd
 .text          0x810017b8        0x8 binaries/ioerr.o
                0x810017b8                ioerr
 .text          0x810017c0        0x8 binaries/ionull.o
                0x810017c0                ionull
 .text          0x810017c8      0x158 binaries/kill.o
                0x810017c8                kill
 .text          0x81001920       0xd0 binaries/kprintf.o
                0x81001920                kputc
                0x81001970                kgetc
                0x810019b0                kprintf
 .text          0x810019f0       0xf0 binaries/main.o
                0x810019f0                edge_data
                0x81001adc                main
 .text          0x81001ae0       0xd0 binaries/mark.o
                0x81001ae0                markinit
                0x81001b0c                mark
 .text          0x81001bb0       0x48 binaries/meminit.o
                0x81001bb0                meminit
 .text          0x81001bf8      0x140 binaries/mkbufpool.o
                0x81001bf8                mkbufpool
 .text          0x81001d38       0x7c binaries/newqueue.o
                0x81001d38                newqueue
 .text          0x81001db4       0x60 binaries/open.o
                0x81001db4                open
 .text          0x81001e14       0x20 binaries/panic.o
                0x81001e14                panic
 .text          0x81001e34       0xac binaries/platinit.o
                0x81001e34                counterinit
                0x81001e4c                platinit
 .text          0x81001ee0       0xa8 binaries/ptclear.o
                0x81001ee0                _ptclear
 .text          0x81001f88       0x78 binaries/ptcount.o
                0x81001f88                ptcount
 .text          0x81002000       0xdc binaries/ptcreate.o
                0x81002000                ptcreate
 .text          0x810020dc       0x74 binaries/ptdelete.o
                0x810020dc                ptdelete
 .text          0x81002150       0xbc binaries/ptinit.o
                0x81002150                ptinit
 .text          0x8100220c       0xd0 binaries/ptrecv.o
                0x8100220c                ptrecv
 .text          0x810022dc       0x68 binaries/ptreset.o
                0x810022dc                ptreset
 .text          0x81002344       0xf4 binaries/ptsend.o
                0x81002344                ptsend
 .text          0x81002438       0x58 binaries/putc.o
                0x81002438                putc
 .text          0x81002490       0xf4 binaries/queue.o
                0x81002490                enqueue
                0x81002528                dequeue
 .text          0x81002584       0x60 binaries/read.o
                0x81002584                read
 .text          0x810025e4       0x74 binaries/ready.o
                0x810025e4                ready
 .text          0x81002658       0x60 binaries/receive.o
                0x81002658                receive
 .text          0x810026b8       0x48 binaries/recvclr.o
                0x810026b8                recvclr
 .text          0x81002700       0xb0 binaries/recvtime.o
                0x81002700                recvtime
 .text          0x810027b0      0x1ac binaries/resched.o
                0x810027b0                resched
                0x810028a0                resched_cntl
 .text          0x8100295c       0x90 binaries/resume.o
                0x8100295c                resume
 .text          0x810029ec       0x58 binaries/seek.o
                0x810029ec                seek
 .text          0x81002a44       0x58 binaries/semcount.o
                0x81002a44                semcount
 .text          0x81002a9c       0xb8 binaries/semcreate.o
                0x81002a9c                semcreate
 .text          0x81002b54       0xac binaries/semdelete.o
                0x81002b54                semdelete
 .text          0x81002c00       0xa4 binaries/semreset.o
                0x81002c00                semreset
 .text          0x81002ca4       0xc0 binaries/send.o
                0x81002ca4                send
 .text          0x81002d64       0x80 binaries/signal.o
                0x81002d64                signal
 .text          0x81002de4       0xb0 binaries/signaln.o
                0x81002de4                signaln
 .text          0x81002e94       0xcc binaries/sleep.o
                0x81002e94                sleepms
                0x81002f30                sleep
 .text          0x81002f60       0xbc binaries/suspend.o
                0x81002f60                suspend
 .text          0x8100301c       0xb8 binaries/unsleep.o
                0x8100301c                unsleep
 .text          0x810030d4       0x10 binaries/userret.o
                0x810030d4                userret
 .text          0x810030e4       0xac binaries/wait.o
                0x810030e4                wait
 .text          0x81003190       0xa0 binaries/wakeup.o
                0x81003190                wakeup
 .text          0x81003230       0x60 binaries/write.o
                0x81003230                write
 .text          0x81003290       0x18 binaries/xdone.o
                0x81003290                xdone
 .text          0x810032a8       0x20 binaries/yield.o
                0x810032a8                yield
 .text          0x810032c8        0xc binaries/abs.o
                0x810032c8                abs
 .text          0x810032d4      0x114 binaries/atoi.o
                0x810032d4                atoi
 .text          0x810033e8      0x114 binaries/atol.o
                0x810033e8                atol
 .text          0x810034fc       0x20 binaries/bzero.o
                0x810034fc                bzero
 .text          0x8100351c        0x0 binaries/ctype_.o
 .text          0x8100351c      0xa34 binaries/doprnt.o
                0x8100373c                _doprnt
 .text          0x81003f50      0x704 binaries/doscan.o
                0x81003f50                _doscan
 .text          0x81004654      0x898 binaries/fdoprnt.o
                0x81004700                _fdoprnt
 .text          0x81004eec       0x14 binaries/fgetc.o
                0x81004eec                fgetc
 .text          0x81004f00       0x84 binaries/fgets.o
                0x81004f00                fgets
 .text          0x81004f84       0x3c binaries/fprintf.o
                0x81004f84                fprintf
 .text          0x81004fc0       0x24 binaries/fputc.o
                0x81004fc0                fputc
 .text          0x81004fe4       0x38 binaries/fputs.o
                0x81004fe4                fputs
 .text          0x8100501c       0x78 binaries/fscanf.o
                0x81005050                fscanf
 .text          0x81005094       0x2c binaries/getchar.o
                0x81005094                getchar
 .text          0x810050c0        0xc binaries/labs.o
                0x810050c0                labs
 .text          0x810050cc        0x0 binaries/memchr.o
 .text          0x810050cc       0x60 binaries/memcmp.o
                0x810050cc                memcmp
 .text          0x8100512c       0x24 binaries/memcpy.o
                0x8100512c                memcpy
 .text          0x81005150       0x20 binaries/memset.o
                0x81005150                memset
 .text          0x81005170       0x58 binaries/printf.o
                0x81005170                printf
 .text          0x810051c8       0x2c binaries/putchar.o
                0x810051c8                putchar
 .text          0x810051f4      0x254 binaries/qsort.o
                0x81005428                qsort
 .text          0x81005448       0x7c binaries/rand.o
                0x81005448                rand
                0x81005480                rand_r
                0x810054b4                srand
 .text          0x810054c4       0x68 binaries/sprintf.o
                0x810054dc                sprintf
 .text          0x8100552c       0x78 binaries/sscanf.o
                0x81005560                sscanf
 .text          0x810055a4       0x48 binaries/strchr.o
                0x810055a4                strchr
 .text          0x810055ec       0x54 binaries/strcmp.o
                0x810055ec                strcmp
 .text          0x81005640       0x18 binaries/strcpy.o
                0x81005640                strcpy
 .text          0x81005658       0x30 binaries/strlen.o
                0x81005658                strlen
 .text          0x81005688       0x50 binaries/strncat.o
                0x81005688                strncat
 .text          0x810056d8       0x54 binaries/strncmp.o
                0x810056d8                strncmp
 .text          0x8100572c       0x80 binaries/strncpy.o
                0x8100572c                strncpy
 .text          0x810057ac       0x48 binaries/strnlen.o
                0x810057ac                strnlen
 .text          0x810057f4       0x58 binaries/strrchr.o
                0x810057f4                strrchr
 .text          0x8100584c       0xb0 binaries/strstr.o
                0x8100584c                strstr
 .text          0x810058fc       0xc8 binaries/ttycontrol.o
                0x810058fc                ttycontrol
 .text          0x810059c4       0x6c binaries/ttygetc.o
                0x810059c4                ttygetc
 .text          0x81005a30      0x4d8 binaries/ttyhandle_in.o
                0x81005afc                ttyhandle_in
 .text          0x81005f08      0x14c binaries/ttyhandle_out.o
                0x81005f08                ttyhandle_out
 .text          0x81006054       0xc8 binaries/ttyhandler.o
                0x81006054                ttyhandler
 .text          0x8100611c      0x120 binaries/ttyinit.o
                0x8100611c                ttyinit
 .text          0x8100623c        0xc binaries/ttykickout.o
                0x8100623c                ttykickout
 .text          0x81006248       0x78 binaries/ttyputc.o
                0x81006248                ttyputc
 .text          0x810062c0      0x110 binaries/ttyread.o
                0x810062c0                ttyread
 .text          0x810063d0       0x4c binaries/ttywrite.o
                0x810063d0                ttywrite
 .text          0x8100641c      0x134 binaries/mount.o
                0x8100641c                namlen
                0x81006470                mount
 .text          0x81006550      0x1c8 binaries/naminit.o
                0x81006550                naminit
 .text          0x81006718      0x240 binaries/nammap.o
                0x81006718                namrepl
                0x81006850                namcpy
                0x810068ac                nammap
 .text          0x81006958       0x40 binaries/namopen.o
                0x81006958                namopen
 .text          0x81006998       0x40 binaries/ethcontrol.o
                0x81006998                ethcontrol
 .text          0x810069d8      0x178 binaries/ethhandler.o
                0x810069d8                ethhandler
 .text          0x81006b50      0x734 binaries/ethinit.o
                0x81006b50                eth_phy_read
                0x81006bc0                eth_phy_write
                0x81006c18                eth_phy_reset
                0x81006d88                ethinit
 .text          0x81007284       0xf4 binaries/ethread.o
                0x81007284                ethread
 .text          0x81007378       0xf0 binaries/ethwrite.o
                0x81007378                ethwrite
 .text          0x81007468       0xf8 binaries/gpio_handler.o
                0x81007468                gpio_handler
                0x81007520                gpio_handler_mod0
                0x81007530                gpio_handler_mod1
                0x81007540                gpio_handler_mod2
                0x81007550                gpio_handler_mod3
 .text          0x81007560      0x228 binaries/gpio_init.o
                0x81007560                control_module_init
                0x810075c8                gpio_module_init
                0x8100766c                gpio_init
                0x810076dc                gpio_set_mode
 .text          0x81007788      0x368 binaries/gpio_read.o
                0x81007788                gpio_read
                0x8100784c                gpio_subscribe
                0x810079a4                gpio_unsubscribe
 .text          0x81007af0       0xf0 binaries/gpio_write.o
                0x81007af0                gpio_write
 .text          0x81007be0       0xa8 binaries/adchandler.o
                0x81007be0                adchandler
 .text          0x81007c88      0x7e4 binaries/adcinit.o
                0x81007c88                TestRegAddress
                0x81007f7c                ADCConfigureAFEClock
                0x81007fb4                ADCTSTransistorConfig
                0x81007fc4                ADCStepConfigWriteProtect
                0x81007fe0                ADCWorkModeConfigue
                0x81007ffc                ADCStepEnable
                0x81008010                ADCStepDisable
                0x81008024                ADCClearInterruptStatus
                0x81008038                ADCEnableModual
                0x81008048                ADCDisableModual
                0x81008058                ADCStepAverge
                0x810080c4                ADCStepOperationModeControl
                0x810080e0                ADCStepConfig
                0x81008150                ADCStepAnalogSupplyConfig
                0x810081a4                ADCStepAnalogGroundConfig
                0x81008214                StepConfig
                0x81008380                ADCConfigure
                0x810083e0                ADCStepFIFOSelConfig
                0x81008400                ADCStepModeConfig
                0x81008420                ADCSetInterruptBit
                0x81008430                adcinit
 .text          0x8100846c      0x108 binaries/adcread.o
                0x8100846c                adcread
 .text          0x81008574      0x31c binaries/adcsysctrl.o
                0x81008574                InitialL4Clock
                0x810086e0                InitializeADCClock
                0x810086ec                InitialL3Clock
                0x81008830                InitialADCInterrupt
 .text          0x81008890       0x90 binaries/rdsbufalloc.o
                0x81008890                rdsbufalloc
 .text          0x81008920       0xa0 binaries/rdsclose.o
                0x81008920                rdsclose
 .text          0x810089c0      0x20c binaries/rdscomm.o
                0x810089c0                rdscomm
 .text          0x81008bcc      0x1a0 binaries/rdscontrol.o
                0x81008bcc                rdscontrol
 .text          0x81008d6c      0x180 binaries/rdsinit.o
                0x81008d6c                rdsinit
 .text          0x81008eec      0x134 binaries/rdsopen.o
                0x81008eec                rdsopen
 .text          0x81009020      0x304 binaries/rdsprocess.o
                0x81009020                rdsprocess
 .text          0x81009324      0x210 binaries/rdsread.o
                0x81009324                rdsread
 .text          0x81009534      0x184 binaries/rdswrite.o
                0x81009534                rdswrite
 .text          0x810096b8        0x8 binaries/ramclose.o
                0x810096b8                ramclose
 .text          0x810096c0       0x3c binaries/raminit.o
                0x810096c0                raminit
 .text          0x810096fc        0x8 binaries/ramopen.o
                0x810096fc                ramopen
 .text          0x81009704       0x24 binaries/ramread.o
                0x81009704                ramread
 .text          0x81009728       0x20 binaries/ramwrite.o
                0x81009728                ramwrite
 .text          0x81009748       0x94 binaries/lfdballoc.o
                0x81009748                lfdballoc
 .text          0x810097dc       0x4c binaries/lfdbfree.o
                0x810097dc                lfdbfree
 .text          0x81009828       0xb8 binaries/lfflush.o
                0x81009828                lfflush
 .text          0x810098e0       0xc8 binaries/lfgetmode.o
                0x810098e0                lfgetmode
 .text          0x810099a8       0x6c binaries/lfiballoc.o
                0x810099a8                lfiballoc
 .text          0x81009a14       0x30 binaries/lfibclear.o
                0x81009a14                lfibclear
 .text          0x81009a44       0x64 binaries/lfibget.o
                0x81009a44                lfibget
 .text          0x81009aa8       0x8c binaries/lfibput.o
                0x81009aa8                lfibput
 .text          0x81009b34       0x84 binaries/lflclose.o
                0x81009b34                lflclose
 .text          0x81009bb8       0xa0 binaries/lflcontrol.o
                0x81009bb8                lflcontrol
 .text          0x81009c58       0xa8 binaries/lflgetc.o
                0x81009c58                lflgetc
 .text          0x81009d00       0xa8 binaries/lflinit.o
                0x81009d00                lflinit
 .text          0x81009da8       0xdc binaries/lflputc.o
                0x81009da8                lflputc
 .text          0x81009e84       0x78 binaries/lflread.o
                0x81009e84                lflread
 .text          0x81009efc       0x80 binaries/lflseek.o
                0x81009efc                lflseek
 .text          0x81009f7c       0x5c binaries/lflwrite.o
                0x81009f7c                lflwrite
 .text          0x81009fd8       0xa0 binaries/lfscheck.o
                0x81009fd8                lfscheck
 .text          0x8100a078      0x144 binaries/lfsckfmt.o
                0x8100a078                lfsckfmt
 .text          0x8100a1bc      0x15c binaries/lfscreate.o
                0x8100a1bc                lfscreate
 .text          0x8100a318      0x1f0 binaries/lfsetup.o
                0x8100a318                lfsetup
 .text          0x8100a508       0x44 binaries/lfsinit.o
                0x8100a508                lfsinit
 .text          0x8100a54c      0x358 binaries/lfsopen.o
                0x8100a54c                lfsopen
 .text          0x8100a8a4      0x108 binaries/lftruncate.o
                0x8100a8a4                lftruncate
 .text          0x8100a9ac       0x70 binaries/rflclose.o
                0x8100a9ac                rflclose
 .text          0x8100aa1c       0x28 binaries/rflgetc.o
                0x8100aa1c                rflgetc
 .text          0x8100aa44       0x54 binaries/rflinit.o
                0x8100aa44                rflinit
 .text          0x8100aa98       0x30 binaries/rflputc.o
                0x8100aa98                rflputc
 .text          0x8100aac8      0x28c binaries/rflread.o
                0x8100aac8                rflread
 .text          0x8100ad54       0x74 binaries/rflseek.o
                0x8100ad54                rflseek
 .text          0x8100adc8      0x2c8 binaries/rflwrite.o
                0x8100adc8                rflwrite
 .text          0x8100b090      0x198 binaries/rfscomm.o
                0x8100b090                rfscomm
 .text          0x8100b228      0x224 binaries/rfscontrol.o
                0x8100b228                rfscontrol
 .text          0x8100b44c       0xc8 binaries/rfsgetmode.o
                0x8100b44c                rfsgetmode
 .text          0x8100b514       0x84 binaries/rfsinit.o
                0x8100b514                rfsinit
 .text          0x8100b598       0xa4 binaries/rfsndmsg.o
                0x8100b598                rfsndmsg
 .text          0x8100b63c      0x22c binaries/rfsopen.o
                0x8100b63c                rfsopen
 .text          0x8100b868       0x8c binaries/spicontrol.o
                0x8100b868                spicontrol
 .text          0x8100b8f4       0xa8 binaries/spiinit.o
                0x8100b8f4                spiinit
 .text          0x8100b99c      0x714 binaries/arp.o
                0x8100b99c                arp_init
                0x8100b9bc                arp_alloc
                0x8100ba90                arp_ntoh
                0x8100bb34                arp_hton
                0x8100bbd8                arp_resolve
                0x8100be3c                arp_in
 .text          0x8100c0b0      0x6b0 binaries/dhcp.o
                0x8100c0b0                dhcp_get_opt_val
                0x8100c110                dhcp_bld_bootp_msg
                0x8100c208                dhcp_bld_disc
                0x8100c25c                dhcp_bld_req
                0x8100c320                getlocalip
 .text          0x8100c760      0x56c binaries/dns.o
                0x8100c848                dnslookup
 .text          0x8100cccc      0x120 binaries/dot2ip.o
                0x8100cccc                dot2ip
 .text          0x8100cdec      0x33c binaries/hexdump.o
                0x8100cdec                hexdump
                0x8100cf4c                hexadump
 .text          0x8100d128      0x660 binaries/icmp.o
                0x8100d128                icmp_init
                0x8100d14c                icmp_register
                0x8100d208                icmp_recv
                0x8100d358                icmp_mkpkt
                0x8100d448                icmp_in
                0x8100d594                icmp_send
                0x8100d604                icmp_release
                0x8100d6c0                icmp_cksum
                0x8100d720                icmp_hton
                0x8100d754                icmp_ntoh
 .text          0x8100d788      0x6b4 binaries/ip.o
                0x8100d788                ip_local
                0x8100d7ec                ipcksum
                0x8100d830                ip_ntoh
                0x8100d8d4                ip_in
                0x8100da1c                ip_hton
                0x8100dac0                ip_out
                0x8100db74                ip_send
                0x8100dca4                ipout
                0x8100dda0                ip_enqueue
 .text          0x8100de3c      0x228 binaries/net.o
                0x8100de3c                net_init
                0x8100df44                eth_hton
                0x8100df58                eth_ntoh
                0x8100df6c                netin
                0x8100e014                getport
 .text          0x8100e064      0x9dc binaries/pdump.o
                0x8100e064                pdump
                0x8100e5f0                pdumph
 .text          0x8100ea40      0x56c binaries/tftp.o
                0x8100ea40                tftp_send1
                0x8100eb2c                tftpget_mb
                0x8100ef78                tftpget
 .text          0x8100efac      0x8d8 binaries/udp.o
                0x8100efac                udp_init
                0x8100efd4                udp_in
                0x8100f108                udp_register
                0x8100f204                udp_recv
                0x8100f338                udp_recvaddr
                0x8100f488                udp_send
                0x8100f600                udp_sendto
                0x8100f760                udp_release
                0x8100f81c                udp_ntoh
                0x8100f850                udp_hton
 .text          0x8100f884      0x120 binaries/addargs.o
                0x8100f884                addargs
 .text          0x8100f9a4      0x2b4 binaries/lexan.o
                0x8100f9a4                lexan
 .text          0x8100fc58      0x6ac binaries/shell.o
                0x8100fc58                shell
 .text          0x81010304       0x64 binaries/xsh_argecho.o
                0x81010304                xsh_argecho
 .text          0x81010368      0x1f8 binaries/xsh_arp.o
                0x81010368                xsh_arp
 .text          0x81010560      0x23c binaries/xsh_cat.o
                0x81010560                xsh_cat
 .text          0x8101079c       0x5c binaries/xsh_clear.o
                0x8101079c                xsh_clear
 .text          0x810107f8      0x29c binaries/xsh_date.o
                0x810107f8                xsh_date
 .text          0x81010a94       0x98 binaries/xsh_devdump.o
                0x81010a94                xsh_devdump
 .text          0x81010b2c       0x68 binaries/xsh_echo.o
                0x81010b2c                xsh_echo
 .text          0x81010b94        0x8 binaries/xsh_exit.o
                0x81010b94                xsh_exit
 .text          0x81010b9c      0x3d0 binaries/xsh_help.o
                0x81010b9c                xsh_help
 .text          0x81010f6c      0x1f8 binaries/xsh_kill.o
                0x81010f6c                xsh_kill
 .text          0x81011164      0x490 binaries/xsh_memdump.o
                0x81011260                xsh_memdump
 .text          0x810115f4      0x224 binaries/xsh_memstat.o
                0x810115f4                xsh_memstat
 .text          0x81011818      0x3fc binaries/xsh_netinfo.o
                0x81011818                xsh_netinfo
 .text          0x81011c14      0x3b0 binaries/xsh_ping.o
                0x81011c14                xsh_ping
 .text          0x81011fc4      0x220 binaries/xsh_ps.o
                0x81011fc4                xsh_ps
 .text          0x810121e4      0x1cc binaries/xsh_sleep.o
                0x810121e4                xsh_sleep
 .text          0x810123b0      0x244 binaries/xsh_udpdump.o
                0x810123b0                xsh_udpdump
 .text          0x810125f4      0x400 binaries/xsh_udpecho.o
                0x810125f4                xsh_udpecho
 .text          0x810129f4      0x254 binaries/xsh_udpserver.o
                0x810129f4                xsh_udpeserver
 .text          0x81012c48      0x1ac binaries/xsh_uptime.o
                0x81012c48                xsh_uptime
 .text          0x81012df4       0x2c binaries/ctxsw.o
                0x81012df4                ctxsw
 .text          0x81012e20      0x100 binaries/intr.o
                0x81012e20                disable
                0x81012e2c                restore
                0x81012e50                enable
                0x81012e58                pause
                0x81012e58                halt
                0x81012e60                irq_except
                0x81012e90                initevec
                0x81012ef0                expjmpinstr
 .text          0x81012f20      0x114 ../cross_compiler/lib/gcc/arm-none-eabi/4.8.1//libgcc.a(_udivsi3.o)
                0x81012f20                __udivsi3
                0x81012f20                __aeabi_uidiv
                0x81013014                __aeabi_uidivmod
 .text          0x81013034      0x148 ../cross_compiler/lib/gcc/arm-none-eabi/4.8.1//libgcc.a(_divsi3.o)
                0x81013034                __aeabi_idiv
                0x81013034                __divsi3
                0x8101315c                __aeabi_idivmod
 .text          0x8101317c        0x4 ../cross_compiler/lib/gcc/arm-none-eabi/4.8.1//libgcc.a(_dvmd_tls.o)
                0x8101317c                __aeabi_ldiv0
                0x8101317c                __aeabi_idiv0
 .text          0x81013180      0x49c ../cross_compiler/lib/gcc/arm-none-eabi/4.8.1//libgcc.a(_arm_muldivdf3.o)
                0x81013180                __aeabi_dmul
                0x81013180                __muldf3
                0x81013410                __aeabi_ddiv
                0x81013410                __divdf3
 .text          0x8101361c      0x144 ../cross_compiler/lib/gcc/arm-none-eabi/4.8.1//libgcc.a(_arm_cmpdf2.o)
                0x8101361c                __gtdf2
                0x8101361c                __gedf2
                0x81013624                __ltdf2
                0x81013624                __ledf2
                0x8101362c                __cmpdf2
                0x8101362c                __eqdf2
                0x8101362c                __nedf2
                0x810136b4                __aeabi_cdrcmple
                0x810136d0                __aeabi_cdcmple
                0x810136d0                __aeabi_cdcmpeq
                0x810136e8                __aeabi_dcmpeq
                0x81013700                __aeabi_dcmplt
                0x81013718                __aeabi_dcmple
                0x81013730                __aeabi_dcmpge
                0x81013748                __aeabi_dcmpgt
 .text          0x81013760       0x5c ../cross_compiler/lib/gcc/arm-none-eabi/4.8.1//libgcc.a(_arm_fixdfsi.o)
                0x81013760                __fixdfsi
                0x81013760                __aeabi_d2iz
 *(.rodata .rodata.*)
 .rodata.str1.4
                0x810137bc       0x78 binaries/ascdate.o
 .rodata.str1.4
                0x81013834       0xe0 binaries/conf.o
 .rodata.str1.4
                0x81013914       0x61 binaries/getutime.o
                                 0x64 (size before relaxing)
 *fill*         0x81013975        0x3 
 .rodata        0x81013978      0x100 binaries/initialize.o
 .rodata.str1.4
                0x81013a78      0x188 binaries/initialize.o
                                0x18c (size before relaxing)
 .rodata.str1.4
                0x81013c00       0x14 binaries/main.o
                                 0x40 (size before relaxing)
 .rodata.str1.4
                0x81013c14        0xf binaries/panic.o
                                 0x10 (size before relaxing)
 *fill*         0x81013c23        0x1 
 .rodata.str1.4
                0x81013c24       0x1d binaries/ptinit.o
                                 0x20 (size before relaxing)
 *fill*         0x81013c41        0x3 
 .rodata.str1.4
                0x81013c44       0x25 binaries/ptsend.o
                                 0x28 (size before relaxing)
 *fill*         0x81013c69        0x3 
 .rodata.str1.4
                0x81013c6c       0x27 binaries/xdone.o
                                 0x28 (size before relaxing)
 *fill*         0x81013c93        0x1 
 .rodata        0x81013c94       0x84 binaries/ctype_.o
                0x81013c94                _ctype_
 .rodata.str1.4
                0x81013d18       0x2f binaries/doprnt.o
                                 0x30 (size before relaxing)
 .rodata.str1.4
                0x00000000       0x30 binaries/fdoprnt.o
 *fill*         0x81013d47        0x1 
 .rodata.str1.4
                0x81013d48       0x86 binaries/naminit.o
                                 0x90 (size before relaxing)
 *fill*         0x81013dce        0x2 
 .rodata.str1.4
                0x81013dd0       0xe5 binaries/ethinit.o
                                 0xe8 (size before relaxing)
 *fill*         0x81013eb5        0x3 
 .rodata.str1.4
                0x81013eb8       0x42 binaries/ethread.o
                                 0x44 (size before relaxing)
 *fill*         0x81013efa        0x2 
 .rodata.str1.4
                0x81013efc       0x35 binaries/gpio_handler.o
                                 0x38 (size before relaxing)
 *fill*         0x81013f31        0x3 
 .rodata        0x81013f34      0x380 binaries/gpio_init.o
                0x81013f34                control_module
                0x81014134                module
                0x81014144                pin_map
 .rodata.str1.4
                0x810142b4      0x15f binaries/gpio_init.o
                                0x160 (size before relaxing)
 *fill*         0x81014413        0x1 
 .rodata.str1.4
                0x81014414      0x113 binaries/gpio_read.o
                                0x14c (size before relaxing)
 *fill*         0x81014527        0x1 
 .rodata.str1.4
                0x81014528       0x4c binaries/gpio_write.o
                                 0x64 (size before relaxing)
 .rodata.str1.4
                0x81014574       0x2c binaries/adchandler.o
 .rodata.str1.4
                0x810145a0      0x2d3 binaries/adcinit.o
                                0x2d4 (size before relaxing)
 *fill*         0x81014873        0x1 
 .rodata.str1.4
                0x81014874       0x6c binaries/adcread.o
 .rodata.str1.4
                0x810148e0       0x2c binaries/rdsbufalloc.o
 .rodata.str1.4
                0x8101490c       0x76 binaries/rdscomm.o
                                 0x78 (size before relaxing)
 *fill*         0x81014982        0x2 
 .rodata.str1.4
                0x81014984       0x48 binaries/rdscontrol.o
 .rodata.str1.4
                0x810149cc       0x96 binaries/rdsinit.o
                                 0x98 (size before relaxing)
 *fill*         0x81014a62        0x2 
 .rodata.str1.4
                0x81014a64       0x22 binaries/rdsopen.o
                                 0x24 (size before relaxing)
 *fill*         0x81014a86        0x2 
 .rodata.str1.4
                0x81014a88       0x4d binaries/rdsprocess.o
                                 0x50 (size before relaxing)
 *fill*         0x81014ad5        0x3 
 .rodata.str1.4
                0x81014ad8        0x9 binaries/raminit.o
                                  0xc (size before relaxing)
 *fill*         0x81014ae1        0x3 
 .rodata.str1.4
                0x81014ae4       0x37 binaries/lfdballoc.o
                                 0x38 (size before relaxing)
 *fill*         0x81014b1b        0x1 
 .rodata.str1.4
                0x81014b1c       0x14 binaries/lfiballoc.o
 .rodata.str1.4
                0x81014b30       0x23 binaries/lflcontrol.o
                                 0x24 (size before relaxing)
 *fill*         0x81014b53        0x1 
 .rodata.str1.4
                0x81014b54      0x11f binaries/lfsckfmt.o
                                0x120 (size before relaxing)
 *fill*         0x81014c73        0x1 
 .rodata.str1.4
                0x81014c74       0x2a binaries/lfsopen.o
                                 0x2c (size before relaxing)
 *fill*         0x81014c9e        0x2 
 .rodata.str1.4
                0x81014ca0       0x21 binaries/rflread.o
                                 0x24 (size before relaxing)
 .rodata.str1.4
                0x00000000       0x24 binaries/rflwrite.o
 *fill*         0x81014cc1        0x3 
 .rodata.str1.4
                0x81014cc4       0x75 binaries/rfscomm.o
                                 0x78 (size before relaxing)
 *fill*         0x81014d39        0x3 
 .rodata.str1.4
                0x81014d3c       0x23 binaries/rfscontrol.o
                                 0x24 (size before relaxing)
 *fill*         0x81014d5f        0x1 
 .rodata.str1.4
                0x81014d60       0x63 binaries/rfsinit.o
                                 0x64 (size before relaxing)
 *fill*         0x81014dc3        0x1 
 .rodata.str1.4
                0x81014dc4       0x2a binaries/rfsndmsg.o
                                 0x2c (size before relaxing)
 .rodata.str1.4
                0x00000000       0x24 binaries/rfsopen.o
 *fill*         0x81014dee        0x2 
 .rodata.str1.4
                0x81014df0       0x3d binaries/arp.o
                                 0x40 (size before relaxing)
 *fill*         0x81014e2d        0x3 
 .rodata.str1.4
                0x81014e30       0xd3 binaries/dhcp.o
                                 0xd4 (size before relaxing)
 *fill*         0x81014f03        0x1 
 .rodata.str1.4
                0x81014f04       0x1a binaries/dns.o
                                 0x1c (size before relaxing)
 *fill*         0x81014f1e        0x2 
 .rodata.str1.4
                0x81014f20       0xca binaries/hexdump.o
                                 0xd8 (size before relaxing)
 *fill*         0x81014fea        0x2 
 .rodata.str1.4
                0x81014fec       0x29 binaries/icmp.o
                                 0x2c (size before relaxing)
 *fill*         0x81015015        0x3 
 .rodata.str1.4
                0x81015018       0xb2 binaries/ip.o
                                 0xb4 (size before relaxing)
 *fill*         0x810150ca        0x2 
 .rodata.str1.4
                0x810150cc       0x53 binaries/net.o
                                 0x54 (size before relaxing)
 *fill*         0x8101511f        0x1 
 .rodata.str1.4
                0x81015120      0x292 binaries/pdump.o
                                0x298 (size before relaxing)
 *fill*         0x810153b2        0x2 
 .rodata.str1.4
                0x810153b4      0x154 binaries/tftp.o
                                0x158 (size before relaxing)
 .rodata.str1.4
                0x81015508       0x38 binaries/udp.o
 .rodata        0x81015540       0xfc binaries/shell.o
                0x81015540                cmdtab
 .rodata.str1.4
                0x8101563c      0x2e6 binaries/shell.o
                                0x2f0 (size before relaxing)
 *fill*         0x81015922        0x2 
 .rodata.str1.4
                0x81015924       0x29 binaries/xsh_argecho.o
                                 0x30 (size before relaxing)
 *fill*         0x8101594d        0x3 
 .rodata.str1.4
                0x81015950      0x13e binaries/xsh_arp.o
                                0x144 (size before relaxing)
 *fill*         0x81015a8e        0x2 
 .rodata.str1.4
                0x81015a90       0x81 binaries/xsh_cat.o
                                 0xd4 (size before relaxing)
 *fill*         0x81015b11        0x3 
 .rodata.str1.4
                0x81015b14       0x19 binaries/xsh_clear.o
                                 0x1c (size before relaxing)
 *fill*         0x81015b2d        0x3 
 .rodata.str1.4
                0x81015b30      0x1af binaries/xsh_date.o
                                0x1cc (size before relaxing)
 *fill*         0x81015cdf        0x1 
 .rodata.str1.4
                0x81015ce0       0x61 binaries/xsh_devdump.o
                                 0x64 (size before relaxing)
 *fill*         0x81015d41        0x3 
 .rodata.str1.4
                0x81015d44        0x8 binaries/xsh_echo.o
                                  0xc (size before relaxing)
 .rodata.str1.4
                0x81015d4c       0xe7 binaries/xsh_help.o
                                0x17c (size before relaxing)
 *fill*         0x81015e33        0x1 
 .rodata.str1.4
                0x81015e34       0xc8 binaries/xsh_kill.o
                                0x138 (size before relaxing)
 .rodata.str1.4
                0x81015efc      0x226 binaries/xsh_memdump.o
                                0x27c (size before relaxing)
 *fill*         0x81016122        0x2 
 .rodata.str1.4
                0x81016124      0x1cc binaries/xsh_memstat.o
                                0x234 (size before relaxing)
 .rodata.str1.4
                0x810162f0      0x10f binaries/xsh_netinfo.o
                                0x1cc (size before relaxing)
 *fill*         0x810163ff        0x1 
 .rodata.str1.4
                0x81016400      0x13f binaries/xsh_ping.o
                                0x1b4 (size before relaxing)
 *fill*         0x8101653f        0x1 
 .rodata        0x81016540       0x20 binaries/xsh_ps.o
 .rodata.str1.4
                0x81016560      0x11a binaries/xsh_ps.o
                                0x1d4 (size before relaxing)
 *fill*         0x8101667a        0x2 
 .rodata.str1.4
                0x8101667c       0x5e binaries/xsh_sleep.o
                                 0xf8 (size before relaxing)
 *fill*         0x810166da        0x2 
 .rodata        0x810166dc        0xc binaries/xsh_udpdump.o
 .rodata.str1.4
                0x810166e8      0x122 binaries/xsh_udpdump.o
                                0x1e0 (size before relaxing)
 *fill*         0x8101680a        0x2 
 .rodata.str1.4
                0x8101680c      0x1ae binaries/xsh_udpecho.o
                                0x224 (size before relaxing)
 *fill*         0x810169ba        0x2 
 .rodata.str1.4
                0x810169bc       0x97 binaries/xsh_udpserver.o
                                0x13c (size before relaxing)
 *fill*         0x81016a53        0x1 
 .rodata.str1.4
                0x81016a54       0x78 binaries/xsh_uptime.o
                                0x114 (size before relaxing)
                0x81016acc                etext = ABSOLUTE (.)
                0x81017000                . = ALIGN (0x1000)
 *fill*         0x81016acc      0x534 

.glue_7         0x81017000        0x0
 .glue_7        0x00000000        0x0 linker stubs

.glue_7t        0x81017000        0x0
 .glue_7t       0x00000000        0x0 linker stubs

.vfp11_veneer   0x81017000        0x0
 .vfp11_veneer  0x00000000        0x0 linker stubs

.v4_bx          0x81017000        0x0
 .v4_bx         0x00000000        0x0 linker stubs

.iplt           0x81017000        0x0
 .iplt          0x00000000        0x0 binaries/start.o

.rel.dyn        0x81017000        0x0
 .rel.iplt      0x00000000        0x0 binaries/start.o

.data           0x81017000     0x1000
                0x81017000                data = ABSOLUTE (.)
 *(.data .data.*)
 .data          0x81017000        0x0 binaries/start.o
 .data          0x81017000       0x88 binaries/ascdate.o
                0x81017000                Date
 .data          0x81017088        0x0 binaries/bufinit.o
 .data          0x81017088        0x0 binaries/chprio.o
 .data          0x81017088        0x4 binaries/clkhandler.o
 .data          0x8101708c        0x0 binaries/clkinit.o
 .data          0x8101708c        0x0 binaries/close.o
 .data          0x8101708c      0x654 binaries/conf.o
                0x8101708c                devtab
 .data          0x810176e0        0x0 binaries/control.o
 .data          0x810176e0        0x4 binaries/create.o
 .data          0x810176e4       0x40 binaries/evec.o
                0x810176e4                expmsg2
                0x810176f8                expmsg1
 .data          0x81017724        0x0 binaries/exit.o
 .data          0x81017724        0x0 binaries/freebuf.o
 .data          0x81017724        0x0 binaries/freemem.o
 .data          0x81017724        0x0 binaries/getbuf.o
 .data          0x81017724        0x0 binaries/getc.o
 .data          0x81017724        0x0 binaries/getdev.o
 .data          0x81017724        0x0 binaries/getitem.o
 .data          0x81017724        0x0 binaries/getmem.o
 .data          0x81017724        0x0 binaries/getpid.o
 .data          0x81017724        0x0 binaries/getprio.o
 .data          0x81017724        0x0 binaries/getstk.o
 .data          0x81017724        0x0 binaries/getticks.o
 .data          0x81017724        0x0 binaries/gettime.o
 .data          0x81017724        0x0 binaries/getutime.o
 .data          0x81017724        0x0 binaries/init.o
 .data          0x81017724        0x0 binaries/initialize.o
 .data          0x81017724        0x0 binaries/insert.o
 .data          0x81017724        0x0 binaries/insertd.o
 .data          0x81017724        0x0 binaries/ioerr.o
 .data          0x81017724        0x0 binaries/ionull.o
 .data          0x81017724        0x0 binaries/kill.o
 .data          0x81017724        0x0 binaries/kprintf.o
 .data          0x81017724        0x0 binaries/main.o
 .data          0x81017724        0x0 binaries/mark.o
 .data          0x81017724        0x0 binaries/meminit.o
 .data          0x81017724        0x0 binaries/mkbufpool.o
 .data          0x81017724        0x2 binaries/newqueue.o
 .data          0x81017726        0x0 binaries/open.o
 .data          0x81017726        0x0 binaries/panic.o
 .data          0x81017726        0x0 binaries/platinit.o
 .data          0x81017726        0x0 binaries/ptclear.o
 .data          0x81017726        0x0 binaries/ptcount.o
 .data          0x81017726        0x0 binaries/ptcreate.o
 .data          0x81017726        0x0 binaries/ptdelete.o
 .data          0x81017726        0x0 binaries/ptinit.o
 .data          0x81017726        0x0 binaries/ptrecv.o
 .data          0x81017726        0x0 binaries/ptreset.o
 .data          0x81017726        0x0 binaries/ptsend.o
 .data          0x81017726        0x0 binaries/putc.o
 .data          0x81017726        0x0 binaries/queue.o
 .data          0x81017726        0x0 binaries/read.o
 .data          0x81017726        0x0 binaries/ready.o
 .data          0x81017726        0x0 binaries/receive.o
 .data          0x81017726        0x0 binaries/recvclr.o
 .data          0x81017726        0x0 binaries/recvtime.o
 .data          0x81017726        0x0 binaries/resched.o
 .data          0x81017726        0x0 binaries/resume.o
 .data          0x81017726        0x0 binaries/seek.o
 .data          0x81017726        0x0 binaries/semcount.o
 .data          0x81017726        0x0 binaries/semcreate.o
 .data          0x81017726        0x0 binaries/semdelete.o
 .data          0x81017726        0x0 binaries/semreset.o
 .data          0x81017726        0x0 binaries/send.o
 .data          0x81017726        0x0 binaries/signal.o
 .data          0x81017726        0x0 binaries/signaln.o
 .data          0x81017726        0x0 binaries/sleep.o
 .data          0x81017726        0x0 binaries/suspend.o
 .data          0x81017726        0x0 binaries/unsleep.o
 .data          0x81017726        0x0 binaries/userret.o
 .data          0x81017726        0x0 binaries/wait.o
 .data          0x81017726        0x0 binaries/wakeup.o
 .data          0x81017726        0x0 binaries/write.o
 .data          0x81017726        0x0 binaries/xdone.o
 .data          0x81017726        0x0 binaries/yield.o
 .data          0x81017726        0x0 binaries/abs.o
 .data          0x81017726        0x0 binaries/atoi.o
 .data          0x81017726        0x0 binaries/atol.o
 .data          0x81017726        0x0 binaries/bzero.o
 .data          0x81017726        0x0 binaries/ctype_.o
 .data          0x81017726        0x0 binaries/doprnt.o
 *fill*         0x81017726        0x2 
 .data          0x81017728       0x80 binaries/doscan.o
                0x81017728                _sctab
 .data          0x810177a8        0x0 binaries/fdoprnt.o
 .data          0x810177a8        0x0 binaries/fgetc.o
 .data          0x810177a8        0x0 binaries/fgets.o
 .data          0x810177a8        0x0 binaries/fprintf.o
 .data          0x810177a8        0x0 binaries/fputc.o
 .data          0x810177a8        0x0 binaries/fputs.o
 .data          0x810177a8        0x0 binaries/fscanf.o
 .data          0x810177a8        0x0 binaries/getchar.o
 .data          0x810177a8        0x0 binaries/labs.o
 .data          0x810177a8        0x0 binaries/memchr.o
 .data          0x810177a8        0x0 binaries/memcmp.o
 .data          0x810177a8        0x0 binaries/memcpy.o
 .data          0x810177a8        0x0 binaries/memset.o
 .data          0x810177a8        0x0 binaries/printf.o
 .data          0x810177a8        0x0 binaries/putchar.o
 .data          0x810177a8        0x0 binaries/qsort.o
 .data          0x810177a8        0x4 binaries/rand.o
 .data          0x810177ac        0x0 binaries/sprintf.o
 .data          0x810177ac        0x0 binaries/sscanf.o
 .data          0x810177ac        0x0 binaries/strchr.o
 .data          0x810177ac        0x0 binaries/strcmp.o
 .data          0x810177ac        0x0 binaries/strcpy.o
 .data          0x810177ac        0x0 binaries/strlen.o
 .data          0x810177ac        0x0 binaries/strncat.o
 .data          0x810177ac        0x0 binaries/strncmp.o
 .data          0x810177ac        0x0 binaries/strncpy.o
 .data          0x810177ac        0x0 binaries/strnlen.o
 .data          0x810177ac        0x0 binaries/strrchr.o
 .data          0x810177ac        0x0 binaries/strstr.o
 .data          0x810177ac        0x0 binaries/ttycontrol.o
 .data          0x810177ac        0x0 binaries/ttygetc.o
 .data          0x810177ac        0x0 binaries/ttyhandle_in.o
 .data          0x810177ac        0x0 binaries/ttyhandle_out.o
 .data          0x810177ac        0x0 binaries/ttyhandler.o
 .data          0x810177ac        0x0 binaries/ttyinit.o
 .data          0x810177ac        0x0 binaries/ttykickout.o
 .data          0x810177ac        0x0 binaries/ttyputc.o
 .data          0x810177ac        0x0 binaries/ttyread.o
 .data          0x810177ac        0x0 binaries/ttywrite.o
 .data          0x810177ac        0x0 binaries/mount.o
 .data          0x810177ac        0x0 binaries/naminit.o
 .data          0x810177ac        0x0 binaries/nammap.o
 .data          0x810177ac        0x0 binaries/namopen.o
 .data          0x810177ac        0x0 binaries/ethcontrol.o
 .data          0x810177ac        0x0 binaries/ethhandler.o
 .data          0x810177ac        0x0 binaries/ethinit.o
 .data          0x810177ac        0x0 binaries/ethread.o
 .data          0x810177ac        0x0 binaries/ethwrite.o
 .data          0x810177ac        0x0 binaries/gpio_handler.o
 .data          0x810177ac        0x0 binaries/gpio_init.o
 .data          0x810177ac        0x0 binaries/gpio_read.o
 .data          0x810177ac        0x0 binaries/gpio_write.o
 .data          0x810177ac        0x0 binaries/adchandler.o
 .data          0x810177ac        0x0 binaries/adcinit.o
 .data          0x810177ac        0x0 binaries/adcread.o
 .data          0x810177ac        0x0 binaries/adcsysctrl.o
 .data          0x810177ac        0x0 binaries/rdsbufalloc.o
 .data          0x810177ac        0x0 binaries/rdsclose.o
 .data          0x810177ac        0x0 binaries/rdscomm.o
 .data          0x810177ac        0x0 binaries/rdscontrol.o
 .data          0x810177ac        0x0 binaries/rdsinit.o
 .data          0x810177ac        0x0 binaries/rdsopen.o
 .data          0x810177ac        0x0 binaries/rdsprocess.o
 .data          0x810177ac        0x0 binaries/rdsread.o
 .data          0x810177ac        0x0 binaries/rdswrite.o
 .data          0x810177ac        0x0 binaries/ramclose.o
 .data          0x810177ac        0x0 binaries/raminit.o
 .data          0x810177ac        0x0 binaries/ramopen.o
 .data          0x810177ac        0x0 binaries/ramread.o
 .data          0x810177ac        0x0 binaries/ramwrite.o
 .data          0x810177ac        0x0 binaries/lfdballoc.o
 .data          0x810177ac        0x0 binaries/lfdbfree.o
 .data          0x810177ac        0x0 binaries/lfflush.o
 .data          0x810177ac        0x0 binaries/lfgetmode.o
 .data          0x810177ac        0x0 binaries/lfiballoc.o
 .data          0x810177ac        0x0 binaries/lfibclear.o
 .data          0x810177ac        0x0 binaries/lfibget.o
 .data          0x810177ac        0x0 binaries/lfibput.o
 .data          0x810177ac        0x0 binaries/lflclose.o
 .data          0x810177ac        0x0 binaries/lflcontrol.o
 .data          0x810177ac        0x0 binaries/lflgetc.o
 .data          0x810177ac        0x0 binaries/lflinit.o
 .data          0x810177ac        0x0 binaries/lflputc.o
 .data          0x810177ac        0x0 binaries/lflread.o
 .data          0x810177ac        0x0 binaries/lflseek.o
 .data          0x810177ac        0x0 binaries/lflwrite.o
 .data          0x810177ac        0x0 binaries/lfscheck.o
 .data          0x810177ac        0x0 binaries/lfsckfmt.o
 .data          0x810177ac        0x0 binaries/lfscreate.o
 .data          0x810177ac        0x0 binaries/lfsetup.o
 .data          0x810177ac        0x0 binaries/lfsinit.o
 .data          0x810177ac        0x0 binaries/lfsopen.o
 .data          0x810177ac        0x0 binaries/lftruncate.o
 .data          0x810177ac        0x0 binaries/rflclose.o
 .data          0x810177ac        0x0 binaries/rflgetc.o
 .data          0x810177ac        0x0 binaries/rflinit.o
 .data          0x810177ac        0x0 binaries/rflputc.o
 .data          0x810177ac        0x0 binaries/rflread.o
 .data          0x810177ac        0x0 binaries/rflseek.o
 .data          0x810177ac        0x0 binaries/rflwrite.o
 .data          0x810177ac        0x0 binaries/rfscomm.o
 .data          0x810177ac        0x0 binaries/rfscontrol.o
 .data          0x810177ac        0x0 binaries/rfsgetmode.o
 .data          0x810177ac        0x0 binaries/rfsinit.o
 .data          0x810177ac        0x0 binaries/rfsndmsg.o
 .data          0x810177ac        0x0 binaries/rfsopen.o
 .data          0x810177ac        0x0 binaries/spicontrol.o
 .data          0x810177ac        0x0 binaries/spiinit.o
 .data          0x810177ac        0x0 binaries/arp.o
 .data          0x810177ac        0x0 binaries/dhcp.o
 .data          0x810177ac        0x0 binaries/dns.o
 .data          0x810177ac        0x0 binaries/dot2ip.o
 .data          0x810177ac        0x0 binaries/hexdump.o
 .data          0x810177ac        0x4 binaries/icmp.o
 .data          0x810177b0        0x0 binaries/ip.o
 .data          0x810177b0        0x0 binaries/net.o
 .data          0x810177b0        0x0 binaries/pdump.o
 .data          0x810177b0        0x0 binaries/tftp.o
 .data          0x810177b0        0x4 binaries/udp.o
 .data          0x810177b4        0x0 binaries/addargs.o
 .data          0x810177b4        0x0 binaries/lexan.o
 .data          0x810177b4        0x4 binaries/shell.o
                0x810177b4                ncmd
 .data          0x810177b8        0x0 binaries/xsh_argecho.o
 .data          0x810177b8        0x0 binaries/xsh_arp.o
 .data          0x810177b8        0x0 binaries/xsh_cat.o
 .data          0x810177b8        0x0 binaries/xsh_clear.o
 .data          0x810177b8        0x0 binaries/xsh_date.o
 .data          0x810177b8        0x0 binaries/xsh_devdump.o
 .data          0x810177b8        0x0 binaries/xsh_echo.o
 .data          0x810177b8        0x0 binaries/xsh_exit.o
 .data          0x810177b8        0x0 binaries/xsh_help.o
 .data          0x810177b8        0x0 binaries/xsh_kill.o
 .data          0x810177b8        0x0 binaries/xsh_memdump.o
 .data          0x810177b8        0x0 binaries/xsh_memstat.o
 .data          0x810177b8        0x0 binaries/xsh_netinfo.o
 .data          0x810177b8        0x0 binaries/xsh_ping.o
 .data          0x810177b8        0x0 binaries/xsh_ps.o
 .data          0x810177b8        0x0 binaries/xsh_sleep.o
 .data          0x810177b8        0x0 binaries/xsh_udpdump.o
 .data          0x810177b8        0x0 binaries/xsh_udpecho.o
 .data          0x810177b8        0x0 binaries/xsh_udpserver.o
 .data          0x810177b8        0x0 binaries/xsh_uptime.o
 .data          0x810177b8        0x0 binaries/ctxsw.o
 .data          0x810177b8        0x0 binaries/intr.o
 .data          0x810177b8        0x0 ../cross_compiler/lib/gcc/arm-none-eabi/4.8.1//libgcc.a(_udivsi3.o)
 .data          0x810177b8        0x0 ../cross_compiler/lib/gcc/arm-none-eabi/4.8.1//libgcc.a(_divsi3.o)
 .data          0x810177b8        0x0 ../cross_compiler/lib/gcc/arm-none-eabi/4.8.1//libgcc.a(_dvmd_tls.o)
 .data          0x810177b8        0x0 ../cross_compiler/lib/gcc/arm-none-eabi/4.8.1//libgcc.a(_arm_muldivdf3.o)
 .data          0x810177b8        0x0 ../cross_compiler/lib/gcc/arm-none-eabi/4.8.1//libgcc.a(_arm_cmpdf2.o)
 .data          0x810177b8        0x0 ../cross_compiler/lib/gcc/arm-none-eabi/4.8.1//libgcc.a(_arm_fixdfsi.o)
                0x810177b8                edata = ABSOLUTE (.)
                0x81018000                . = ALIGN (0x1000)
 *fill*         0x810177b8      0x848 

.igot.plt       0x81018000        0x0
 .igot.plt      0x00000000        0x0 binaries/start.o

.bss            0x81018000    0x20000
                0x81018000                bss = ABSOLUTE (.)
 *(.bss .bss.*)
 .bss           0x81018000        0x0 binaries/start.o
 .bss           0x81018000        0x0 binaries/ascdate.o
 .bss           0x81018000        0x0 binaries/bufinit.o
 .bss           0x81018000        0x0 binaries/chprio.o
 .bss           0x81018000        0x0 binaries/clkhandler.o
 .bss           0x81018000        0x4 binaries/clkinit.o
                0x81018000                ctr1000
 .bss           0x81018004        0x0 binaries/close.o
 .bss           0x81018004        0x0 binaries/conf.o
 .bss           0x81018004        0x0 binaries/control.o
 .bss           0x81018004        0x0 binaries/create.o
 .bss           0x81018004        0x0 binaries/evec.o
 .bss           0x81018004        0x0 binaries/exit.o
 .bss           0x81018004        0x0 binaries/freebuf.o
 .bss           0x81018004        0x0 binaries/freemem.o
 .bss           0x81018004        0x0 binaries/getbuf.o
 .bss           0x81018004        0x0 binaries/getc.o
 .bss           0x81018004        0x0 binaries/getdev.o
 .bss           0x81018004        0x0 binaries/getitem.o
 .bss           0x81018004        0x0 binaries/getmem.o
 .bss           0x81018004        0x0 binaries/getpid.o
 .bss           0x81018004        0x0 binaries/getprio.o
 .bss           0x81018004        0x0 binaries/getstk.o
 .bss           0x81018004        0x0 binaries/getticks.o
 .bss           0x81018004        0x0 binaries/gettime.o
 .bss           0x81018004        0x0 binaries/getutime.o
 .bss           0x81018004        0x0 binaries/init.o
 .bss           0x81018004        0x0 binaries/initialize.o
 .bss           0x81018004        0x0 binaries/insert.o
 .bss           0x81018004        0x0 binaries/insertd.o
 .bss           0x81018004        0x0 binaries/ioerr.o
 .bss           0x81018004        0x0 binaries/ionull.o
 .bss           0x81018004        0x0 binaries/kill.o
 .bss           0x81018004        0x0 binaries/kprintf.o
 .bss           0x81018004        0x0 binaries/main.o
 .bss           0x81018004        0x0 binaries/mark.o
 .bss           0x81018004        0x0 binaries/meminit.o
 .bss           0x81018004        0x0 binaries/mkbufpool.o
 .bss           0x81018004        0x0 binaries/newqueue.o
 .bss           0x81018004        0x0 binaries/open.o
 .bss           0x81018004        0x0 binaries/panic.o
 .bss           0x81018004        0x0 binaries/platinit.o
 .bss           0x81018004        0x0 binaries/ptclear.o
 .bss           0x81018004        0x0 binaries/ptcount.o
 .bss           0x81018004        0x0 binaries/ptcreate.o
 .bss           0x81018004        0x0 binaries/ptdelete.o
 .bss           0x81018004        0x0 binaries/ptinit.o
 .bss           0x81018004        0x0 binaries/ptrecv.o
 .bss           0x81018004        0x0 binaries/ptreset.o
 .bss           0x81018004        0x0 binaries/ptsend.o
 .bss           0x81018004        0x0 binaries/putc.o
 .bss           0x81018004        0x0 binaries/queue.o
 .bss           0x81018004        0x0 binaries/read.o
 .bss           0x81018004        0x0 binaries/ready.o
 .bss           0x81018004        0x0 binaries/receive.o
 .bss           0x81018004        0x0 binaries/recvclr.o
 .bss           0x81018004        0x0 binaries/recvtime.o
 .bss           0x81018004        0x0 binaries/resched.o
 .bss           0x81018004        0x0 binaries/resume.o
 .bss           0x81018004        0x0 binaries/seek.o
 .bss           0x81018004        0x0 binaries/semcount.o
 .bss           0x81018004        0x4 binaries/semcreate.o
 .bss           0x81018008        0x0 binaries/semdelete.o
 .bss           0x81018008        0x0 binaries/semreset.o
 .bss           0x81018008        0x0 binaries/send.o
 .bss           0x81018008        0x0 binaries/signal.o
 .bss           0x81018008        0x0 binaries/signaln.o
 .bss           0x81018008        0x0 binaries/sleep.o
 .bss           0x81018008        0x0 binaries/suspend.o
 .bss           0x81018008        0x0 binaries/unsleep.o
 .bss           0x81018008        0x0 binaries/userret.o
 .bss           0x81018008        0x0 binaries/wait.o
 .bss           0x81018008        0x0 binaries/wakeup.o
 .bss           0x81018008        0x0 binaries/write.o
 .bss           0x81018008        0x0 binaries/xdone.o
 .bss           0x81018008        0x0 binaries/yield.o
 .bss           0x81018008        0x0 binaries/abs.o
 .bss           0x81018008        0x0 binaries/atoi.o
 .bss           0x81018008        0x0 binaries/atol.o
 .bss           0x81018008        0x0 binaries/bzero.o
 .bss           0x81018008        0x0 binaries/ctype_.o
 .bss           0x81018008        0x0 binaries/doprnt.o
 .bss           0x81018008        0x0 binaries/doscan.o
 .bss           0x81018008        0x0 binaries/fdoprnt.o
 .bss           0x81018008        0x0 binaries/fgetc.o
 .bss           0x81018008        0x0 binaries/fgets.o
 .bss           0x81018008        0x0 binaries/fprintf.o
 .bss           0x81018008        0x0 binaries/fputc.o
 .bss           0x81018008        0x0 binaries/fputs.o
 .bss           0x81018008        0x0 binaries/fscanf.o
 .bss           0x81018008        0x0 binaries/getchar.o
 .bss           0x81018008        0x0 binaries/labs.o
 .bss           0x81018008        0x0 binaries/memchr.o
 .bss           0x81018008        0x0 binaries/memcmp.o
 .bss           0x81018008        0x0 binaries/memcpy.o
 .bss           0x81018008        0x0 binaries/memset.o
 .bss           0x81018008        0x0 binaries/printf.o
 .bss           0x81018008        0x0 binaries/putchar.o
 .bss           0x81018008        0x8 binaries/qsort.o
 .bss           0x81018010        0x0 binaries/rand.o
 .bss           0x81018010        0x0 binaries/sprintf.o
 .bss           0x81018010        0x0 binaries/sscanf.o
 .bss           0x81018010        0x0 binaries/strchr.o
 .bss           0x81018010        0x0 binaries/strcmp.o
 .bss           0x81018010        0x0 binaries/strcpy.o
 .bss           0x81018010        0x0 binaries/strlen.o
 .bss           0x81018010        0x0 binaries/strncat.o
 .bss           0x81018010        0x0 binaries/strncmp.o
 .bss           0x81018010        0x0 binaries/strncpy.o
 .bss           0x81018010        0x0 binaries/strnlen.o
 .bss           0x81018010        0x0 binaries/strrchr.o
 .bss           0x81018010        0x0 binaries/strstr.o
 .bss           0x81018010        0x0 binaries/ttycontrol.o
 .bss           0x81018010        0x0 binaries/ttygetc.o
 .bss           0x81018010        0x0 binaries/ttyhandle_in.o
 .bss           0x81018010        0x0 binaries/ttyhandle_out.o
 .bss           0x81018010        0x0 binaries/ttyhandler.o
 .bss           0x81018010        0x0 binaries/ttyinit.o
 .bss           0x81018010        0x0 binaries/ttykickout.o
 .bss           0x81018010        0x0 binaries/ttyputc.o
 .bss           0x81018010        0x0 binaries/ttyread.o
 .bss           0x81018010        0x0 binaries/ttywrite.o
 .bss           0x81018010        0x0 binaries/mount.o
 .bss           0x81018010        0x0 binaries/naminit.o
 .bss           0x81018010        0x0 binaries/nammap.o
 .bss           0x81018010        0x0 binaries/namopen.o
 .bss           0x81018010        0x0 binaries/ethcontrol.o
 .bss           0x81018010        0x0 binaries/ethhandler.o
 .bss           0x81018010        0x0 binaries/ethinit.o
 .bss           0x81018010        0x0 binaries/ethread.o
 .bss           0x81018010        0x0 binaries/ethwrite.o
 .bss           0x81018010        0x0 binaries/gpio_handler.o
 .bss           0x81018010        0x0 binaries/gpio_init.o
 .bss           0x81018010        0x0 binaries/gpio_read.o
 .bss           0x81018010        0x0 binaries/gpio_write.o
 .bss           0x81018010        0x0 binaries/adchandler.o
 .bss           0x81018010        0x0 binaries/adcinit.o
 .bss           0x81018010        0x0 binaries/adcread.o
 .bss           0x81018010        0x0 binaries/adcsysctrl.o
 .bss           0x81018010        0x0 binaries/rdsbufalloc.o
 .bss           0x81018010        0x0 binaries/rdsclose.o
 .bss           0x81018010        0x0 binaries/rdscomm.o
 .bss           0x81018010        0x0 binaries/rdscontrol.o
 .bss           0x81018010        0x0 binaries/rdsinit.o
 .bss           0x81018010        0x0 binaries/rdsopen.o
 .bss           0x81018010        0x0 binaries/rdsprocess.o
 .bss           0x81018010        0x0 binaries/rdsread.o
 .bss           0x81018010        0x0 binaries/rdswrite.o
 .bss           0x81018010        0x0 binaries/ramclose.o
 .bss           0x81018010        0x0 binaries/raminit.o
 .bss           0x81018010        0x0 binaries/ramopen.o
 .bss           0x81018010        0x0 binaries/ramread.o
 .bss           0x81018010        0x0 binaries/ramwrite.o
 .bss           0x81018010        0x0 binaries/lfdballoc.o
 .bss           0x81018010        0x0 binaries/lfdbfree.o
 .bss           0x81018010        0x0 binaries/lfflush.o
 .bss           0x81018010        0x0 binaries/lfgetmode.o
 .bss           0x81018010        0x0 binaries/lfiballoc.o
 .bss           0x81018010        0x0 binaries/lfibclear.o
 .bss           0x81018010        0x0 binaries/lfibget.o
 .bss           0x81018010        0x0 binaries/lfibput.o
 .bss           0x81018010        0x0 binaries/lflclose.o
 .bss           0x81018010        0x0 binaries/lflcontrol.o
 .bss           0x81018010        0x0 binaries/lflgetc.o
 .bss           0x81018010        0x0 binaries/lflinit.o
 .bss           0x81018010        0x0 binaries/lflputc.o
 .bss           0x81018010        0x0 binaries/lflread.o
 .bss           0x81018010        0x0 binaries/lflseek.o
 .bss           0x81018010        0x0 binaries/lflwrite.o
 .bss           0x81018010        0x0 binaries/lfscheck.o
 .bss           0x81018010        0x0 binaries/lfsckfmt.o
 .bss           0x81018010        0x0 binaries/lfscreate.o
 .bss           0x81018010        0x0 binaries/lfsetup.o
 .bss           0x81018010        0x0 binaries/lfsinit.o
 .bss           0x81018010        0x0 binaries/lfsopen.o
 .bss           0x81018010        0x0 binaries/lftruncate.o
 .bss           0x81018010        0x0 binaries/rflclose.o
 .bss           0x81018010        0x0 binaries/rflgetc.o
 .bss           0x81018010        0x0 binaries/rflinit.o
 .bss           0x81018010        0x0 binaries/rflputc.o
 .bss           0x81018010        0x0 binaries/rflread.o
 .bss           0x81018010        0x0 binaries/rflseek.o
 .bss           0x81018010        0x0 binaries/rflwrite.o
 .bss           0x81018010        0x0 binaries/rfscomm.o
 .bss           0x81018010        0x0 binaries/rfscontrol.o
 .bss           0x81018010        0x0 binaries/rfsgetmode.o
 .bss           0x81018010        0x0 binaries/rfsinit.o
 .bss           0x81018010        0x0 binaries/rfsndmsg.o
 .bss           0x81018010        0x0 binaries/rfsopen.o
 .bss           0x81018010        0x0 binaries/spicontrol.o
 .bss           0x81018010        0x0 binaries/spiinit.o
 .bss           0x81018010        0x0 binaries/arp.o
 .bss           0x81018010        0x0 binaries/dhcp.o
 .bss           0x81018010        0x0 binaries/dns.o
 .bss           0x81018010        0x0 binaries/dot2ip.o
 .bss           0x81018010        0x0 binaries/hexdump.o
 .bss           0x81018010        0x0 binaries/icmp.o
 .bss           0x81018010        0x0 binaries/ip.o
 .bss           0x81018010        0x0 binaries/net.o
 .bss           0x81018010        0x0 binaries/pdump.o
 .bss           0x81018010        0x0 binaries/tftp.o
 .bss           0x81018010        0x0 binaries/udp.o
 .bss           0x81018010        0x0 binaries/addargs.o
 .bss           0x81018010        0x0 binaries/lexan.o
 .bss           0x81018010        0x0 binaries/shell.o
 .bss           0x81018010        0x0 binaries/xsh_argecho.o
 .bss           0x81018010        0x0 binaries/xsh_arp.o
 .bss           0x81018010        0x0 binaries/xsh_cat.o
 .bss           0x81018010        0x0 binaries/xsh_clear.o
 .bss           0x81018010        0x0 binaries/xsh_date.o
 .bss           0x81018010        0x0 binaries/xsh_devdump.o
 .bss           0x81018010        0x0 binaries/xsh_echo.o
 .bss           0x81018010        0x0 binaries/xsh_exit.o
 .bss           0x81018010        0x0 binaries/xsh_help.o
 .bss           0x81018010        0x0 binaries/xsh_kill.o
 .bss           0x81018010        0x0 binaries/xsh_memdump.o
 .bss           0x81018010        0x0 binaries/xsh_memstat.o
 .bss           0x81018010        0x0 binaries/xsh_netinfo.o
 .bss           0x81018010        0x4 binaries/xsh_ping.o
 .bss           0x81018014        0x0 binaries/xsh_ps.o
 .bss           0x81018014        0x0 binaries/xsh_sleep.o
 .bss           0x81018014        0x0 binaries/xsh_udpdump.o
 .bss           0x81018014        0x0 binaries/xsh_udpecho.o
 .bss           0x81018014        0x0 binaries/xsh_udpserver.o
 .bss           0x81018014        0x0 binaries/xsh_uptime.o
 .bss           0x81018014        0x0 binaries/ctxsw.o
 .bss           0x81018014        0x0 binaries/intr.o
 .bss           0x81018014        0x0 ../cross_compiler/lib/gcc/arm-none-eabi/4.8.1//libgcc.a(_udivsi3.o)
 .bss           0x81018014        0x0 ../cross_compiler/lib/gcc/arm-none-eabi/4.8.1//libgcc.a(_divsi3.o)
 .bss           0x81018014        0x0 ../cross_compiler/lib/gcc/arm-none-eabi/4.8.1//libgcc.a(_dvmd_tls.o)
 .bss           0x81018014        0x0 ../cross_compiler/lib/gcc/arm-none-eabi/4.8.1//libgcc.a(_arm_muldivdf3.o)
 .bss           0x81018014        0x0 ../cross_compiler/lib/gcc/arm-none-eabi/4.8.1//libgcc.a(_arm_cmpdf2.o)
 .bss           0x81018014        0x0 ../cross_compiler/lib/gcc/arm-none-eabi/4.8.1//libgcc.a(_arm_fixdfsi.o)
 *(COMMON)
 COMMON         0x81018014       0xf4 binaries/bufinit.o
                0x81018014                buftab
                0x81018104                nbpools
 COMMON         0x81018108        0xc binaries/clkinit.o
                0x81018108                sleepq
                0x8101810c                preempt
                0x81018110                clktime
 COMMON         0x81018114      0x200 binaries/evec.o
                0x81018114                intc_vector
 COMMON         0x81018314     0x1aa0 binaries/initialize.o
                0x81018314                currpid
                0x81018318                proctab
                0x810198f8                prcount
                0x810198fc                semtab
                0x81019dac                memlist
 COMMON         0x81019db4       0x58 binaries/mark.o
                0x81019db4                marks
                0x81019e04                nmarks
                0x81019e08                mkmutex
 COMMON         0x81019e0c        0x8 binaries/meminit.o
                0x81019e0c                minheap
                0x81019e10                maxheap
 COMMON         0x81019e14      0x2d8 binaries/ptinit.o
                0x81019e14                porttab
                0x8101a0e4                ptnextid
                0x8101a0e8                ptfree
 COMMON         0x8101a0ec      0x980 binaries/queue.o
                0x8101a0ec                queuetab
 COMMON         0x8101aa6c        0x2 binaries/ready.o
                0x8101aa6c                readylist
 *fill*         0x8101aa6e        0x2 
 COMMON         0x8101aa70        0x8 binaries/resched.o
                0x8101aa70                Defer
 COMMON         0x8101aa78      0x110 binaries/ttyinit.o
                0x8101aa78                ttytab
 COMMON         0x8101ab88     0x19a4 binaries/naminit.o
                0x8101ab88                nnames
                0x8101ab8c                nametab
 COMMON         0x8101c52c      0x154 binaries/ethinit.o
                0x8101c52c                eth_a_regs
                0x8101c548                ethertab
 COMMON         0x8101c680      0x400 binaries/gpio_init.o
                0x8101c680                falling_list
                0x8101c880                rising_list
 COMMON         0x8101ca80       0x18 binaries/adcinit.o
                0x8101ca80                enabled_steps
                0x8101ca94                readSem
 COMMON         0x8101ca98       0x8c binaries/rdsinit.o
                0x8101ca98                rdstab
 COMMON         0x8101cb24    0x19000 binaries/raminit.o
                0x8101cb24                Ram
 COMMON         0x81035b24      0xf00 binaries/lflinit.o
                0x81035b24                lfltab
 COMMON         0x81036a24      0x20c binaries/lfsinit.o
                0x81036a24                Lf_data
 COMMON         0x81036c30      0x5a0 binaries/rflinit.o
                0x81036c30                rfltab
 COMMON         0x810371d0       0x18 binaries/rfsinit.o
                0x810371d0                Rf_data
 COMMON         0x810371e8      0x140 binaries/arp.o
                0x810371e8                arpcache
 COMMON         0x81037328      0x230 binaries/icmp.o
                0x81037328                icmptab
 COMMON         0x81037558       0x2c binaries/ip.o
                0x81037558                ipoqueue
 COMMON         0x81037584       0xb8 binaries/net.o
                0x81037584                netbufpool
                0x81037588                netportseed
                0x8103758c                NetData
 COMMON         0x8103763c      0x168 binaries/udp.o
                0x8103763c                udptab
                0x810377a4                ebss = ABSOLUTE (.)
                0x81038000                . = ALIGN (0x1000)
 *fill*         0x810377a4      0x85c 
 */()
                0x81038000                end = ABSOLUTE (.)
                0x81038000                _end = ABSOLUTE (.)
                0x81038000                . = ALIGN (0x1000)
LOAD binaries/start.o
LOAD binaries/ascdate.o
[...]
 .ARM.attributes
                0x00001d8b       0x35 binaries/rdsopen.o
 .ARM.attributes
                0x00001dc0       0x35 binaries/rdsprocess.o
 .ARM.attributes
                0x00001df5       0x35 binaries/rdsread.o
 .ARM.attributes
                0x00001e2a       0x35 binaries/rdswrite.o
 .ARM.attributes
                0x00001e5f       0x35 binaries/ramclose.o
 .ARM.attributes
                0x00001e94       0x35 binaries/raminit.o
 .ARM.attributes
                0x00001ec9       0x35 binaries/ramopen.o
 .ARM.attributes
                0x00001efe       0x35 binaries/ramread.o
 .ARM.attributes
                0x00001f33       0x35 binaries/ramwrite.o
 .ARM.attributes
                0x00001f68       0x35 binaries/lfdballoc.o
 .ARM.attributes
                0x00001f9d       0x35 binaries/lfdbfree.o
 .ARM.attributes
                0x00001fd2       0x35 binaries/lfflush.o
 .ARM.attributes
                0x00002007       0x35 binaries/lfgetmode.o
 .ARM.attributes
                0x0000203c       0x35 binaries/lfiballoc.o
 .ARM.attributes
                0x00002071       0x35 binaries/lfibclear.o
 .ARM.attributes
                0x000020a6       0x35 binaries/lfibget.o
 .ARM.attributes
                0x000020db       0x35 binaries/lfibput.o
 .ARM.attributes
                0x00002110       0x35 binaries/lflclose.o
 .ARM.attributes
                0x00002145       0x35 binaries/lflcontrol.o
 .ARM.attributes
                0x0000217a       0x35 binaries/lflgetc.o
 .ARM.attributes
                0x000021af       0x35 binaries/lflinit.o
 .ARM.attributes
                0x000021e4       0x35 binaries/lflputc.o
 .ARM.attributes
                0x00002219       0x35 binaries/lflread.o
 .ARM.attributes
                0x0000224e       0x35 binaries/lflseek.o
 .ARM.attributes
                0x00002283       0x35 binaries/lflwrite.o
 .ARM.attributes
                0x000022b8       0x35 binaries/lfscheck.o
 .ARM.attributes
                0x000022ed       0x35 binaries/lfsckfmt.o
 .ARM.attributes
                0x00002322       0x35 binaries/lfscreate.o
 .ARM.attributes
                0x00002357       0x35 binaries/lfsetup.o
 .ARM.attributes
                0x0000238c       0x35 binaries/lfsinit.o
 .ARM.attributes
                0x000023c1       0x35 binaries/lfsopen.o
 .ARM.attributes
                0x000023f6       0x35 binaries/lftruncate.o
 .ARM.attributes
                0x0000242b       0x35 binaries/rflclose.o
 .ARM.attributes
                0x00002460       0x35 binaries/rflgetc.o
 .ARM.attributes
                0x00002495       0x35 binaries/rflinit.o
 .ARM.attributes
                0x000024ca       0x35 binaries/rflputc.o
 .ARM.attributes
                0x000024ff       0x35 binaries/rflread.o
 .ARM.attributes
                0x00002534       0x35 binaries/rflseek.o
 .ARM.attributes
                0x00002569       0x35 binaries/rflwrite.o
 .ARM.attributes
                0x0000259e       0x35 binaries/rfscomm.o
 .ARM.attributes
                0x000025d3       0x35 binaries/rfscontrol.o
 .ARM.attributes
                0x00002608       0x35 binaries/rfsgetmode.o
 .ARM.attributes
                0x0000263d       0x35 binaries/rfsinit.o
 .ARM.attributes
                0x00002672       0x35 binaries/rfsndmsg.o
 .ARM.attributes
                0x000026a7       0x35 binaries/rfsopen.o
 .ARM.attributes
                0x000026dc       0x35 binaries/spicontrol.o
 .ARM.attributes
                0x00002711       0x35 binaries/spiinit.o
 .ARM.attributes
                0x00002746       0x35 binaries/arp.o
 .ARM.attributes
                0x0000277b       0x35 binaries/dhcp.o
 .ARM.attributes
                0x000027b0       0x35 binaries/dns.o
 .ARM.attributes
                0x000027e5       0x35 binaries/dot2ip.o
 .ARM.attributes
                0x0000281a       0x35 binaries/hexdump.o
 .ARM.attributes
                0x0000284f       0x35 binaries/icmp.o
 .ARM.attributes
                0x00002884       0x35 binaries/ip.o
 .ARM.attributes
                0x000028b9       0x35 binaries/net.o
 .ARM.attributes
                0x000028ee       0x35 binaries/pdump.o
 .ARM.attributes
                0x00002923       0x35 binaries/tftp.o
 .ARM.attributes
                0x00002958       0x35 binaries/udp.o
 .ARM.attributes
                0x0000298d       0x35 binaries/addargs.o
 .ARM.attributes
                0x000029c2       0x35 binaries/lexan.o
 .ARM.attributes
                0x000029f7       0x35 binaries/shell.o
 .ARM.attributes
                0x00002a2c       0x35 binaries/xsh_argecho.o
 .ARM.attributes
                0x00002a61       0x35 binaries/xsh_arp.o
 .ARM.attributes
                0x00002a96       0x35 binaries/xsh_cat.o
 .ARM.attributes
                0x00002acb       0x35 binaries/xsh_clear.o
 .ARM.attributes
                0x00002b00       0x35 binaries/xsh_date.o
 .ARM.attributes
                0x00002b35       0x35 binaries/xsh_devdump.o
 .ARM.attributes
                0x00002b6a       0x35 binaries/xsh_echo.o
 .ARM.attributes
                0x00002b9f       0x35 binaries/xsh_exit.o
 .ARM.attributes
                0x00002bd4       0x35 binaries/xsh_help.o
 .ARM.attributes
                0x00002c09       0x35 binaries/xsh_kill.o
 .ARM.attributes
                0x00002c3e       0x35 binaries/xsh_memdump.o
 .ARM.attributes
                0x00002c73       0x35 binaries/xsh_memstat.o
 .ARM.attributes
                0x00002ca8       0x35 binaries/xsh_netinfo.o
 .ARM.attributes
                0x00002cdd       0x35 binaries/xsh_ping.o
 .ARM.attributes
                0x00002d12       0x35 binaries/xsh_ps.o
 .ARM.attributes
                0x00002d47       0x35 binaries/xsh_sleep.o
 .ARM.attributes
                0x00002d7c       0x35 binaries/xsh_udpdump.o
 .ARM.attributes
                0x00002db1       0x35 binaries/xsh_udpecho.o
 .ARM.attributes
                0x00002de6       0x35 binaries/xsh_udpserver.o
 .ARM.attributes
                0x00002e1b       0x35 binaries/xsh_uptime.o
 .ARM.attributes
                0x00002e50       0x25 binaries/ctxsw.o
 .ARM.attributes
                0x00002e75       0x25 binaries/intr.o
 .ARM.attributes
                0x00002e9a       0x18 ../cross_compiler/lib/gcc/arm-none-eabi/4.8.1//libgcc.a(_udivsi3.o)
 .ARM.attributes
                0x00002eb2       0x18 ../cross_compiler/lib/gcc/arm-none-eabi/4.8.1//libgcc.a(_divsi3.o)
 .ARM.attributes
                0x00002eca       0x18 ../cross_compiler/lib/gcc/arm-none-eabi/4.8.1//libgcc.a(_dvmd_tls.o)
 .ARM.attributes
                0x00002ee2       0x18 ../cross_compiler/lib/gcc/arm-none-eabi/4.8.1//libgcc.a(_arm_muldivdf3.o)
 .ARM.attributes
                0x00002efa       0x18 ../cross_compiler/lib/gcc/arm-none-eabi/4.8.1//libgcc.a(_arm_cmpdf2.o)
 .ARM.attributes
                0x00002f12       0x18 ../cross_compiler/lib/gcc/arm-none-eabi/4.8.1//libgcc.a(_arm_fixdfsi.o)

.comment        0x00000000       0x30
 .comment       0x00000000       0x30 binaries/ascdate.o
                                 0x31 (size before relaxing)
 .comment       0x00000000       0x31 binaries/bufinit.o
 .comment       0x00000000       0x31 binaries/chprio.o
 .comment       0x00000000       0x31 binaries/clkhandler.o
 .comment       0x00000000       0x31 binaries/clkinit.o
 .comment       0x00000000       0x31 binaries/close.o
 .comment       0x00000000       0x31 binaries/conf.o
 .comment       0x00000000       0x31 binaries/control.o
 .comment       0x00000000       0x31 binaries/create.o
 .comment       0x00000000       0x31 binaries/evec.o
 .comment       0x00000000       0x31 binaries/exit.o
 .comment       0x00000000       0x31 binaries/freebuf.o
 .comment       0x00000000       0x31 binaries/freemem.o
 .comment       0x00000000       0x31 binaries/getbuf.o
 .comment       0x00000000       0x31 binaries/getc.o
 .comment       0x00000000       0x31 binaries/getdev.o
 .comment       0x00000000       0x31 binaries/getitem.o
 .comment       0x00000000       0x31 binaries/getmem.o
 .comment       0x00000000       0x31 binaries/getpid.o
 .comment       0x00000000       0x31 binaries/getprio.o
 .comment       0x00000000       0x31 binaries/getstk.o
 .comment       0x00000000       0x31 binaries/getticks.o
 .comment       0x00000000       0x31 binaries/gettime.o
 .comment       0x00000000       0x31 binaries/getutime.o
 .comment       0x00000000       0x31 binaries/init.o
 .comment       0x00000000       0x31 binaries/initialize.o
 .comment       0x00000000       0x31 binaries/insert.o
 .comment       0x00000000       0x31 binaries/insertd.o
 .comment       0x00000000       0x31 binaries/ioerr.o
 .comment       0x00000000       0x31 binaries/ionull.o
 .comment       0x00000000       0x31 binaries/kill.o
 .comment       0x00000000       0x31 binaries/kprintf.o
 .comment       0x00000000       0x31 binaries/main.o
 .comment       0x00000000       0x31 binaries/mark.o
 .comment       0x00000000       0x31 binaries/meminit.o
 .comment       0x00000000       0x31 binaries/mkbufpool.o
 .comment       0x00000000       0x31 binaries/newqueue.o
 .comment       0x00000000       0x31 binaries/open.o
 .comment       0x00000000       0x31 binaries/panic.o
 .comment       0x00000000       0x31 binaries/platinit.o
 .comment       0x00000000       0x31 binaries/ptclear.o
 .comment       0x00000000       0x31 binaries/ptcount.o
 .comment       0x00000000       0x31 binaries/ptcreate.o
 .comment       0x00000000       0x31 binaries/ptdelete.o
 .comment       0x00000000       0x31 binaries/ptinit.o
 .comment       0x00000000       0x31 binaries/ptrecv.o
 .comment       0x00000000       0x31 binaries/ptreset.o
 .comment       0x00000000       0x31 binaries/ptsend.o
 .comment       0x00000000       0x31 binaries/putc.o
 .comment       0x00000000       0x31 binaries/queue.o
 .comment       0x00000000       0x31 binaries/read.o
 .comment       0x00000000       0x31 binaries/ready.o
 .comment       0x00000000       0x31 binaries/receive.o
 .comment       0x00000000       0x31 binaries/recvclr.o
 .comment       0x00000000       0x31 binaries/recvtime.o
 .comment       0x00000000       0x31 binaries/resched.o
 .comment       0x00000000       0x31 binaries/resume.o
 .comment       0x00000000       0x31 binaries/seek.o
 .comment       0x00000000       0x31 binaries/semcount.o
 .comment       0x00000000       0x31 binaries/semcreate.o
 .comment       0x00000000       0x31 binaries/semdelete.o
 .comment       0x00000000       0x31 binaries/semreset.o
 .comment       0x00000000       0x31 binaries/send.o
 .comment       0x00000000       0x31 binaries/signal.o
 .comment       0x00000000       0x31 binaries/signaln.o
 .comment       0x00000000       0x31 binaries/sleep.o
 .comment       0x00000000       0x31 binaries/suspend.o
 .comment       0x00000000       0x31 binaries/unsleep.o
 .comment       0x00000000       0x31 binaries/userret.o
 .comment       0x00000000       0x31 binaries/wait.o
 .comment       0x00000000       0x31 binaries/wakeup.o
 .comment       0x00000000       0x31 binaries/write.o
 .comment       0x00000000       0x31 binaries/xdone.o
 .comment       0x00000000       0x31 binaries/yield.o
 .comment       0x00000000       0x31 binaries/abs.o
 .comment       0x00000000       0x31 binaries/atoi.o
 .comment       0x00000000       0x31 binaries/atol.o
 .comment       0x00000000       0x31 binaries/bzero.o
 .comment       0x00000000       0x31 binaries/ctype_.o
 .comment       0x00000000       0x31 binaries/doprnt.o
 .comment       0x00000000       0x31 binaries/doscan.o
 .comment       0x00000000       0x31 binaries/fdoprnt.o
 .comment       0x00000000       0x31 binaries/fgetc.o
 .comment       0x00000000       0x31 binaries/fgets.o
 .comment       0x00000000       0x31 binaries/fprintf.o
 .comment       0x00000000       0x31 binaries/fputc.o
 .comment       0x00000000       0x31 binaries/fputs.o
 .comment       0x00000000       0x31 binaries/fscanf.o
 .comment       0x00000000       0x31 binaries/getchar.o
 .comment       0x00000000       0x31 binaries/labs.o
 .comment       0x00000000       0x31 binaries/memchr.o
 .comment       0x00000000       0x31 binaries/memcmp.o
 .comment       0x00000000       0x31 binaries/memcpy.o
 .comment       0x00000000       0x31 binaries/memset.o
 .comment       0x00000000       0x31 binaries/printf.o
 .comment       0x00000000       0x31 binaries/putchar.o
 .comment       0x00000000       0x31 binaries/qsort.o
 .comment       0x00000000       0x31 binaries/rand.o
 .comment       0x00000000       0x31 binaries/sprintf.o
 .comment       0x00000000       0x31 binaries/sscanf.o
 .comment       0x00000000       0x31 binaries/strchr.o
 .comment       0x00000000       0x31 binaries/strcmp.o
 .comment       0x00000000       0x31 binaries/strcpy.o
 .comment       0x00000000       0x31 binaries/strlen.o
 .comment       0x00000000       0x31 binaries/strncat.o
 .comment       0x00000000       0x31 binaries/strncmp.o
 .comment       0x00000000       0x31 binaries/strncpy.o
 .comment       0x00000000       0x31 binaries/strnlen.o
 .comment       0x00000000       0x31 binaries/strrchr.o
 .comment       0x00000000       0x31 binaries/strstr.o
 .comment       0x00000000       0x31 binaries/ttycontrol.o
 .comment       0x00000000       0x31 binaries/ttygetc.o
 .comment       0x00000000       0x31 binaries/ttyhandle_in.o
 .comment       0x00000000       0x31 binaries/ttyhandle_out.o
 .comment       0x00000000       0x31 binaries/ttyhandler.o
 .comment       0x00000000       0x31 binaries/ttyinit.o
 .comment       0x00000000       0x31 binaries/ttykickout.o
 .comment       0x00000000       0x31 binaries/ttyputc.o
 .comment       0x00000000       0x31 binaries/ttyread.o
 .comment       0x00000000       0x31 binaries/ttywrite.o
 .comment       0x00000000       0x31 binaries/mount.o
 .comment       0x00000000       0x31 binaries/naminit.o
 .comment       0x00000000       0x31 binaries/nammap.o
 .comment       0x00000000       0x31 binaries/namopen.o
 .comment       0x00000000       0x31 binaries/ethcontrol.o
 .comment       0x00000000       0x31 binaries/ethhandler.o
 .comment       0x00000000       0x31 binaries/ethinit.o
 .comment       0x00000000       0x31 binaries/ethread.o
 .comment       0x00000000       0x31 binaries/ethwrite.o
 .comment       0x00000000       0x31 binaries/gpio_handler.o
 .comment       0x00000000       0x31 binaries/gpio_init.o
 .comment       0x00000000       0x31 binaries/gpio_read.o
 .comment       0x00000000       0x31 binaries/gpio_write.o
 .comment       0x00000000       0x31 binaries/adchandler.o
 .comment       0x00000000       0x31 binaries/adcinit.o
 .comment       0x00000000       0x31 binaries/adcread.o
 .comment       0x00000000       0x31 binaries/adcsysctrl.o
 .comment       0x00000000       0x31 binaries/rdsbufalloc.o
 .comment       0x00000000       0x31 binaries/rdsclose.o
 .comment       0x00000000       0x31 binaries/rdscomm.o
 .comment       0x00000000       0x31 binaries/rdscontrol.o
 .comment       0x00000000       0x31 binaries/rdsinit.o
 .comment       0x00000000       0x31 binaries/rdsopen.o
 .comment       0x00000000       0x31 binaries/rdsprocess.o
 .comment       0x00000000       0x31 binaries/rdsread.o
 .comment       0x00000000       0x31 binaries/rdswrite.o
 .comment       0x00000000       0x31 binaries/ramclose.o
 .comment       0x00000000       0x31 binaries/raminit.o
 .comment       0x00000000       0x31 binaries/ramopen.o
 .comment       0x00000000       0x31 binaries/ramread.o
 .comment       0x00000000       0x31 binaries/ramwrite.o
 .comment       0x00000000       0x31 binaries/lfdballoc.o
 .comment       0x00000000       0x31 binaries/lfdbfree.o
 .comment       0x00000000       0x31 binaries/lfflush.o
 .comment       0x00000000       0x31 binaries/lfgetmode.o
 .comment       0x00000000       0x31 binaries/lfiballoc.o
 .comment       0x00000000       0x31 binaries/lfibclear.o
 .comment       0x00000000       0x31 binaries/lfibget.o
 .comment       0x00000000       0x31 binaries/lfibput.o
 .comment       0x00000000       0x31 binaries/lflclose.o
 .comment       0x00000000       0x31 binaries/lflcontrol.o
 .comment       0x00000000       0x31 binaries/lflgetc.o
 .comment       0x00000000       0x31 binaries/lflinit.o
 .comment       0x00000000       0x31 binaries/lflputc.o
 .comment       0x00000000       0x31 binaries/lflread.o
 .comment       0x00000000       0x31 binaries/lflseek.o
 .comment       0x00000000       0x31 binaries/lflwrite.o
 .comment       0x00000000       0x31 binaries/lfscheck.o
 .comment       0x00000000       0x31 binaries/lfsckfmt.o
 .comment       0x00000000       0x31 binaries/lfscreate.o
 .comment       0x00000000       0x31 binaries/lfsetup.o
 .comment       0x00000000       0x31 binaries/lfsinit.o
 .comment       0x00000000       0x31 binaries/lfsopen.o
 .comment       0x00000000       0x31 binaries/lftruncate.o
 .comment       0x00000000       0x31 binaries/rflclose.o
 .comment       0x00000000       0x31 binaries/rflgetc.o
 .comment       0x00000000       0x31 binaries/rflinit.o
 .comment       0x00000000       0x31 binaries/rflputc.o
 .comment       0x00000000       0x31 binaries/rflread.o
 .comment       0x00000000       0x31 binaries/rflseek.o
 .comment       0x00000000       0x31 binaries/rflwrite.o
 .comment       0x00000000       0x31 binaries/rfscomm.o
 .comment       0x00000000       0x31 binaries/rfscontrol.o
 .comment       0x00000000       0x31 binaries/rfsgetmode.o
 .comment       0x00000000       0x31 binaries/rfsinit.o
 .comment       0x00000000       0x31 binaries/rfsndmsg.o
 .comment       0x00000000       0x31 binaries/rfsopen.o
 .comment       0x00000000       0x31 binaries/spicontrol.o
 .comment       0x00000000       0x31 binaries/spiinit.o
 .comment       0x00000000       0x31 binaries/arp.o
 .comment       0x00000000       0x31 binaries/dhcp.o
 .comment       0x00000000       0x31 binaries/dns.o
 .comment       0x00000000       0x31 binaries/dot2ip.o
 .comment       0x00000000       0x31 binaries/hexdump.o
 .comment       0x00000000       0x31 binaries/icmp.o
 .comment       0x00000000       0x31 binaries/ip.o
 .comment       0x00000000       0x31 binaries/net.o
 .comment       0x00000000       0x31 binaries/pdump.o
 .comment       0x00000000       0x31 binaries/tftp.o
 .comment       0x00000000       0x31 binaries/udp.o
 .comment       0x00000000       0x31 binaries/addargs.o
 .comment       0x00000000       0x31 binaries/lexan.o
 .comment       0x00000000       0x31 binaries/shell.o
 .comment       0x00000000       0x31 binaries/xsh_argecho.o
 .comment       0x00000000       0x31 binaries/xsh_arp.o
 .comment       0x00000000       0x31 binaries/xsh_cat.o
 .comment       0x00000000       0x31 binaries/xsh_clear.o
 .comment       0x00000000       0x31 binaries/xsh_date.o
 .comment       0x00000000       0x31 binaries/xsh_devdump.o
 .comment       0x00000000       0x31 binaries/xsh_echo.o
 .comment       0x00000000       0x31 binaries/xsh_exit.o
 .comment       0x00000000       0x31 binaries/xsh_help.o
 .comment       0x00000000       0x31 binaries/xsh_kill.o
 .comment       0x00000000       0x31 binaries/xsh_memdump.o
 .comment       0x00000000       0x31 binaries/xsh_memstat.o
 .comment       0x00000000       0x31 binaries/xsh_netinfo.o
 .comment       0x00000000       0x31 binaries/xsh_ping.o
 .comment       0x00000000       0x31 binaries/xsh_ps.o
 .comment       0x00000000       0x31 binaries/xsh_sleep.o
 .comment       0x00000000       0x31 binaries/xsh_udpdump.o
 .comment       0x00000000       0x31 binaries/xsh_udpecho.o
 .comment       0x00000000       0x31 binaries/xsh_udpserver.o
 .comment       0x00000000       0x31 binaries/xsh_uptime.o

.debug_frame    0x00000000       0x40
 .debug_frame   0x00000000       0x20 ../cross_compiler/lib/gcc/arm-none-eabi/4.8.1//libgcc.a(_udivsi3.o)
 .debug_frame   0x00000020       0x20 ../cross_compiler/lib/gcc/arm-none-eabi/4.8.1//libgcc.a(_divsi3.o)
