Archive member included because of file (symbol)

../cross_compiler/lib/gcc/arm-none-eabi/4.8.1//libgcc.a(_udivsi3.o)
                              binaries/qsort.o (__aeabi_uidiv)
../cross_compiler/lib/gcc/arm-none-eabi/4.8.1//libgcc.a(_divsi3.o)
                              binaries/doprnt.o (__aeabi_idiv)
../cross_compiler/lib/gcc/arm-none-eabi/4.8.1//libgcc.a(_dvmd_tls.o)
                              ../cross_compiler/lib/gcc/arm-none-eabi/4.8.1//libgcc.a(_udivsi3.o) (__aeabi_idiv0)
../cross_compiler/lib/gcc/arm-none-eabi/4.8.1//libgcc.a(_arm_muldivdf3.o)
                              binaries/doprnt.o (__aeabi_dmul)
../cross_compiler/lib/gcc/arm-none-eabi/4.8.1//libgcc.a(_arm_cmpdf2.o)
                              binaries/doprnt.o (__aeabi_dcmplt)
../cross_compiler/lib/gcc/arm-none-eabi/4.8.1//libgcc.a(_arm_fixdfsi.o)
                              binaries/doprnt.o (__aeabi_d2iz)

Allocating common symbols
Common symbol       size              file

netbufpool          0x4               binaries/net.o
readylist           0x2               binaries/ready.o
rfltab              0x5a0             binaries/rflinit.o
netportseed         0x4               binaries/net.o
sleepq              0x2               binaries/clkinit.o
falling_list        0x200             binaries/gpio_init.o
intc_vector         0x200             binaries/evec.o
nnames              0x4               binaries/naminit.o
udptab              0x168             binaries/udp.o
minheap             0x4               binaries/meminit.o
marks               0x50              binaries/mark.o
currpid             0x4               binaries/initialize.o
Lf_data             0x20c             binaries/lfsinit.o
porttab             0x2d0             binaries/ptinit.o
ttytab              0x110             binaries/ttyinit.o
proctab             0x15e0            binaries/initialize.o
eth_a_regs          0x1c              binaries/ethinit.o
prcount             0x4               binaries/initialize.o
lfltab              0xf00             binaries/lflinit.o
rdstab              0x8c              binaries/rdsinit.o
enabled_steps       0x11              binaries/adcinit.o
ethertab            0x138             binaries/ethinit.o
NetData             0xb0              binaries/net.o
nmarks              0x4               binaries/mark.o
Defer               0x8               binaries/resched.o
semtab              0x4b0             binaries/initialize.o
maxheap             0x4               binaries/meminit.o
preempt             0x4               binaries/clkinit.o
buftab              0xf0              binaries/bufinit.o
Rf_data             0x18              binaries/rfsinit.o
mkmutex             0x4               binaries/mark.o
rising_list         0x200             binaries/gpio_init.o
readSem             0x4               binaries/adcinit.o
clktime             0x4               binaries/clkinit.o
arpcache            0x140             binaries/arp.o
icmptab             0x230             binaries/icmp.o
nbpools             0x4               binaries/bufinit.o
queuetab            0x980             binaries/queue.o
ptnextid            0x4               binaries/ptinit.o
Ram                 0x19000           binaries/raminit.o
ipoqueue            0x2c              binaries/ip.o
memlist             0x8               binaries/initialize.o
nametab             0x19a0            binaries/naminit.o
ptfree              0x4               binaries/ptinit.o

Memory Configuration

Name             Origin             Length             Attributes
*default*        0x00000000         0xffffffff

Linker script and memory map

                0x81000000                physbase = 0x81000000
                0x81000000                . = physbase
                0x81000000                . = ALIGN (0x1000)

.text           0x81000000    0x17000
                0x81000000                text = ABSOLUTE (.)
 *(.text .text.*)
 .text          0x81000000       0x4c binaries/start.o
                0x81000000                start
 .text          0x8100004c      0x33c binaries/ascdate.o
                0x8100004c                ascdate
 .text          0x81000388       0x18 binaries/bufinit.o
                0x81000388                bufinit
 .text          0x810003a0       0x68 binaries/chprio.o
                0x810003a0                chprio
 .text          0x81000408       0xf0 binaries/clkhandler.o
                0x81000408                clkhandler
 .text          0x810004f8       0xd4 binaries/clkinit.o
                0x810004f8                clkinit
 .text          0x810005cc       0x50 binaries/close.o
                0x810005cc                close
 .text          0x8100061c        0x0 binaries/conf.o
 .text          0x8100061c       0x68 binaries/control.o
                0x8100061c                control
 .text          0x81000684      0x290 binaries/create.o
                0x81000684                create
 .text          0x81000914       0xb0 binaries/evec.o
                0x81000914                initintc
                0x81000940                set_evec
                0x81000980                irq_dispatch
 .text          0x810009c4       0x10 binaries/exit.o
                0x810009c4                exit
 .text          0x810009d4       0x7c binaries/freebuf.o
                0x810009d4                freebuf
 .text          0x81000a50      0x148 binaries/freemem.o
                0x81000a50                freemem
 .text          0x81000b98       0x78 binaries/getbuf.o
                0x81000b98                getbuf
 .text          0x81000c10       0x50 binaries/getc.o
                0x81000c10                getc
 .text          0x81000c60       0x68 binaries/getdev.o
                0x81000c60                getdev
 .text          0x81000cc8       0xa0 binaries/getitem.o
                0x81000cc8                getitem
                0x81000cf8                getfirst
                0x81000d2c                getlast
 .text          0x81000d68      0x108 binaries/getmem.o
                0x81000d68                getmem
 .text          0x81000e70       0x10 binaries/getpid.o
                0x81000e70                getpid
 .text          0x81000e80       0x5c binaries/getprio.o
                0x81000e80                getprio
 .text          0x81000edc       0xc8 binaries/getstk.o
                0x81000edc                getstk
 .text          0x81000fa4        0x8 binaries/getticks.o
                0x81000fa4                getticks
 .text          0x81000fac       0x38 binaries/gettime.o
                0x81000fac                gettime
 .text          0x81000fe4      0x1f4 binaries/getutime.o
                0x81000fe4                getutime
 .text          0x810011d8       0x50 binaries/init.o
                0x810011d8                init
 .text          0x81001228      0x394 binaries/initialize.o
                0x81001314                nulluser
                0x8100155c                stop
                0x81001580                delay
 .text          0x810015bc       0xd0 binaries/insert.o
                0x810015bc                insert
 .text          0x8100168c      0x134 binaries/insertd.o
                0x8100168c                insertd
 .text          0x810017c0        0x8 binaries/ioerr.o
                0x810017c0                ioerr
 .text          0x810017c8        0x8 binaries/ionull.o
                0x810017c8                ionull
 .text          0x810017d0      0x158 binaries/kill.o
                0x810017d0                kill
 .text          0x81001928       0xd0 binaries/kprintf.o
                0x81001928                kputc
                0x81001978                kgetc
                0x810019b8                kprintf
 .text          0x810019f8      0x2fc binaries/main.o
                0x810019f8                LED_g
                0x81001a24                LED_r
                0x81001a50                buzzer
                0x81001a88                edge_data
                0x81001b74                main
 .text          0x81001cf4       0xd0 binaries/mark.o
                0x81001cf4                markinit
                0x81001d20                mark
 .text          0x81001dc4       0x48 binaries/meminit.o
                0x81001dc4                meminit
 .text          0x81001e0c      0x140 binaries/mkbufpool.o
                0x81001e0c                mkbufpool
 .text          0x81001f4c       0x7c binaries/newqueue.o
                0x81001f4c                newqueue
 .text          0x81001fc8       0x60 binaries/open.o
                0x81001fc8                open
 .text          0x81002028       0x20 binaries/panic.o
                0x81002028                panic
 .text          0x81002048       0xac binaries/platinit.o
                0x81002048                counterinit
                0x81002060                platinit
 .text          0x810020f4       0xa8 binaries/ptclear.o
                0x810020f4                _ptclear
 .text          0x8100219c       0x78 binaries/ptcount.o
                0x8100219c                ptcount
 .text          0x81002214       0xdc binaries/ptcreate.o
                0x81002214                ptcreate
 .text          0x810022f0       0x74 binaries/ptdelete.o
                0x810022f0                ptdelete
 .text          0x81002364       0xbc binaries/ptinit.o
                0x81002364                ptinit
 .text          0x81002420       0xd0 binaries/ptrecv.o
                0x81002420                ptrecv
 .text          0x810024f0       0x68 binaries/ptreset.o
                0x810024f0                ptreset
 .text          0x81002558       0xf4 binaries/ptsend.o
                0x81002558                ptsend
 .text          0x8100264c       0x58 binaries/putc.o
                0x8100264c                putc
 .text          0x810026a4       0xf4 binaries/queue.o
                0x810026a4                enqueue
                0x8100273c                dequeue
 .text          0x81002798       0x60 binaries/read.o
                0x81002798                read
 .text          0x810027f8       0x74 binaries/ready.o
                0x810027f8                ready
 .text          0x8100286c       0x60 binaries/receive.o
                0x8100286c                receive
 .text          0x810028cc       0x48 binaries/recvclr.o
                0x810028cc                recvclr
 .text          0x81002914       0xb0 binaries/recvtime.o
                0x81002914                recvtime
 .text          0x810029c4      0x1ac binaries/resched.o
                0x810029c4                resched
                0x81002ab4                resched_cntl
 .text          0x81002b70       0x90 binaries/resume.o
                0x81002b70                resume
 .text          0x81002c00       0x58 binaries/seek.o
                0x81002c00                seek
 .text          0x81002c58       0x58 binaries/semcount.o
                0x81002c58                semcount
 .text          0x81002cb0       0xb8 binaries/semcreate.o
                0x81002cb0                semcreate
 .text          0x81002d68       0xac binaries/semdelete.o
                0x81002d68                semdelete
 .text          0x81002e14       0xa4 binaries/semreset.o
                0x81002e14                semreset
 .text          0x81002eb8       0xc0 binaries/send.o
                0x81002eb8                send
 .text          0x81002f78       0x80 binaries/signal.o
                0x81002f78                signal
 .text          0x81002ff8       0xb0 binaries/signaln.o
                0x81002ff8                signaln
 .text          0x810030a8       0xcc binaries/sleep.o
                0x810030a8                sleepms
                0x81003144                sleep
 .text          0x81003174       0xbc binaries/suspend.o
                0x81003174                suspend
 .text          0x81003230       0xb8 binaries/unsleep.o
                0x81003230                unsleep
 .text          0x810032e8       0x10 binaries/userret.o
                0x810032e8                userret
 .text          0x810032f8       0xac binaries/wait.o
                0x810032f8                wait
 .text          0x810033a4       0xa0 binaries/wakeup.o
                0x810033a4                wakeup
 .text          0x81003444       0x60 binaries/write.o
                0x81003444                write
 .text          0x810034a4       0x18 binaries/xdone.o
                0x810034a4                xdone
 .text          0x810034bc       0x20 binaries/yield.o
                0x810034bc                yield
 .text          0x810034dc        0xc binaries/abs.o
                0x810034dc                abs
 .text          0x810034e8      0x114 binaries/atoi.o
                0x810034e8                atoi
 .text          0x810035fc      0x114 binaries/atol.o
                0x810035fc                atol
 .text          0x81003710       0x20 binaries/bzero.o
                0x81003710                bzero
 .text          0x81003730        0x0 binaries/ctype_.o
 .text          0x81003730      0xa34 binaries/doprnt.o
                0x81003950                _doprnt
 .text          0x81004164      0x704 binaries/doscan.o
                0x81004164                _doscan
 .text          0x81004868      0x898 binaries/fdoprnt.o
                0x81004914                _fdoprnt
 .text          0x81005100       0x14 binaries/fgetc.o
                0x81005100                fgetc
 .text          0x81005114       0x84 binaries/fgets.o
                0x81005114                fgets
 .text          0x81005198       0x3c binaries/fprintf.o
                0x81005198                fprintf
 .text          0x810051d4       0x24 binaries/fputc.o
                0x810051d4                fputc
 .text          0x810051f8       0x38 binaries/fputs.o
                0x810051f8                fputs
 .text          0x81005230       0x78 binaries/fscanf.o
                0x81005264                fscanf
 .text          0x810052a8       0x2c binaries/getchar.o
                0x810052a8                getchar
 .text          0x810052d4        0xc binaries/labs.o
                0x810052d4                labs
 .text          0x810052e0        0x0 binaries/memchr.o
 .text          0x810052e0       0x60 binaries/memcmp.o
                0x810052e0                memcmp
 .text          0x81005340       0x24 binaries/memcpy.o
                0x81005340                memcpy
 .text          0x81005364       0x20 binaries/memset.o
                0x81005364                memset
 .text          0x81005384       0x58 binaries/printf.o
                0x81005384                printf
 .text          0x810053dc       0x2c binaries/putchar.o
                0x810053dc                putchar
 .text          0x81005408      0x254 binaries/qsort.o
                0x8100563c                qsort
 .text          0x8100565c       0x7c binaries/rand.o
                0x8100565c                rand
                0x81005694                rand_r
                0x810056c8                srand
 .text          0x810056d8       0x68 binaries/sprintf.o
                0x810056f0                sprintf
 .text          0x81005740       0x78 binaries/sscanf.o
                0x81005774                sscanf
 .text          0x810057b8       0x48 binaries/strchr.o
                0x810057b8                strchr
 .text          0x81005800       0x54 binaries/strcmp.o
                0x81005800                strcmp
 .text          0x81005854       0x18 binaries/strcpy.o
                0x81005854                strcpy
 .text          0x8100586c       0x30 binaries/strlen.o
                0x8100586c                strlen
 .text          0x8100589c       0x50 binaries/strncat.o
                0x8100589c                strncat
 .text          0x810058ec       0x54 binaries/strncmp.o
                0x810058ec                strncmp
 .text          0x81005940       0x80 binaries/strncpy.o
                0x81005940                strncpy
 .text          0x810059c0       0x48 binaries/strnlen.o
                0x810059c0                strnlen
 .text          0x81005a08       0x58 binaries/strrchr.o
                0x81005a08                strrchr
 .text          0x81005a60       0xb0 binaries/strstr.o
                0x81005a60                strstr
 .text          0x81005b10       0xc8 binaries/ttycontrol.o
                0x81005b10                ttycontrol
 .text          0x81005bd8       0x6c binaries/ttygetc.o
                0x81005bd8                ttygetc
 .text          0x81005c44      0x4d8 binaries/ttyhandle_in.o
                0x81005d10                ttyhandle_in
 .text          0x8100611c      0x14c binaries/ttyhandle_out.o
                0x8100611c                ttyhandle_out
 .text          0x81006268       0xc8 binaries/ttyhandler.o
                0x81006268                ttyhandler
 .text          0x81006330      0x120 binaries/ttyinit.o
                0x81006330                ttyinit
 .text          0x81006450        0xc binaries/ttykickout.o
                0x81006450                ttykickout
 .text          0x8100645c       0x78 binaries/ttyputc.o
                0x8100645c                ttyputc
 .text          0x810064d4      0x110 binaries/ttyread.o
                0x810064d4                ttyread
 .text          0x810065e4       0x4c binaries/ttywrite.o
                0x810065e4                ttywrite
 .text          0x81006630      0x134 binaries/mount.o
                0x81006630                namlen
                0x81006684                mount
 .text          0x81006764      0x1c8 binaries/naminit.o
                0x81006764                naminit
 .text          0x8100692c      0x240 binaries/nammap.o
                0x8100692c                namrepl
                0x81006a64                namcpy
                0x81006ac0                nammap
 .text          0x81006b6c       0x40 binaries/namopen.o
                0x81006b6c                namopen
 .text          0x81006bac       0x40 binaries/ethcontrol.o
                0x81006bac                ethcontrol
 .text          0x81006bec      0x178 binaries/ethhandler.o
                0x81006bec                ethhandler
 .text          0x81006d64      0x734 binaries/ethinit.o
                0x81006d64                eth_phy_read
                0x81006dd4                eth_phy_write
                0x81006e2c                eth_phy_reset
                0x81006f9c                ethinit
 .text          0x81007498       0xf4 binaries/ethread.o
                0x81007498                ethread
 .text          0x8100758c       0xf0 binaries/ethwrite.o
                0x8100758c                ethwrite
 .text          0x8100767c       0xf8 binaries/gpio_handler.o
                0x8100767c                gpio_handler
                0x81007734                gpio_handler_mod0
                0x81007744                gpio_handler_mod1
                0x81007754                gpio_handler_mod2
                0x81007764                gpio_handler_mod3
 .text          0x81007774      0x228 binaries/gpio_init.o
                0x81007774                control_module_init
                0x810077dc                gpio_module_init
                0x81007880                gpio_init
                0x810078f0                gpio_set_mode
 .text          0x8100799c      0x34c binaries/gpio_read.o
                0x8100799c                gpio_read
                0x81007a4c                gpio_subscribe
                0x81007b9c                gpio_unsubscribe
 .text          0x81007ce8       0xdc binaries/gpio_write.o
                0x81007ce8                gpio_write
 .text          0x81007dc4       0xa8 binaries/adchandler.o
                0x81007dc4                adchandler
 .text          0x81007e6c      0x7e4 binaries/adcinit.o
                0x81007e6c                TestRegAddress
                0x81008160                ADCConfigureAFEClock
                0x81008198                ADCTSTransistorConfig
                0x810081a8                ADCStepConfigWriteProtect
                0x810081c4                ADCWorkModeConfigue
                0x810081e0                ADCStepEnable
                0x810081f4                ADCStepDisable
                0x81008208                ADCClearInterruptStatus
                0x8100821c                ADCEnableModual
                0x8100822c                ADCDisableModual
                0x8100823c                ADCStepAverge
                0x810082a8                ADCStepOperationModeControl
                0x810082c4                ADCStepConfig
                0x81008334                ADCStepAnalogSupplyConfig
                0x81008388                ADCStepAnalogGroundConfig
                0x810083f8                StepConfig
                0x81008564                ADCConfigure
                0x810085c4                ADCStepFIFOSelConfig
                0x810085e4                ADCStepModeConfig
                0x81008604                ADCSetInterruptBit
                0x81008614                adcinit
 .text          0x81008650      0x108 binaries/adcread.o
                0x81008650                adcread
 .text          0x81008758      0x31c binaries/adcsysctrl.o
                0x81008758                InitialL4Clock
                0x810088c4                InitializeADCClock
                0x810088d0                InitialL3Clock
                0x81008a14                InitialADCInterrupt
 .text          0x81008a74       0x90 binaries/rdsbufalloc.o
                0x81008a74                rdsbufalloc
 .text          0x81008b04       0xa0 binaries/rdsclose.o
                0x81008b04                rdsclose
 .text          0x81008ba4      0x20c binaries/rdscomm.o
                0x81008ba4                rdscomm
 .text          0x81008db0      0x1a0 binaries/rdscontrol.o
                0x81008db0                rdscontrol
 .text          0x81008f50      0x180 binaries/rdsinit.o
                0x81008f50                rdsinit
 .text          0x810090d0      0x134 binaries/rdsopen.o
                0x810090d0                rdsopen
 .text          0x81009204      0x304 binaries/rdsprocess.o
                0x81009204                rdsprocess
 .text          0x81009508      0x210 binaries/rdsread.o
                0x81009508                rdsread
 .text          0x81009718      0x184 binaries/rdswrite.o
                0x81009718                rdswrite
 .text          0x8100989c        0x8 binaries/ramclose.o
                0x8100989c                ramclose
 .text          0x810098a4       0x3c binaries/raminit.o
                0x810098a4                raminit
 .text          0x810098e0        0x8 binaries/ramopen.o
                0x810098e0                ramopen
 .text          0x810098e8       0x24 binaries/ramread.o
                0x810098e8                ramread
 .text          0x8100990c       0x20 binaries/ramwrite.o
                0x8100990c                ramwrite
 .text          0x8100992c       0x94 binaries/lfdballoc.o
                0x8100992c                lfdballoc
 .text          0x810099c0       0x4c binaries/lfdbfree.o
                0x810099c0                lfdbfree
 .text          0x81009a0c       0xb8 binaries/lfflush.o
                0x81009a0c                lfflush
 .text          0x81009ac4       0xc8 binaries/lfgetmode.o
                0x81009ac4                lfgetmode
 .text          0x81009b8c       0x6c binaries/lfiballoc.o
                0x81009b8c                lfiballoc
 .text          0x81009bf8       0x30 binaries/lfibclear.o
                0x81009bf8                lfibclear
 .text          0x81009c28       0x64 binaries/lfibget.o
                0x81009c28                lfibget
 .text          0x81009c8c       0x8c binaries/lfibput.o
                0x81009c8c                lfibput
 .text          0x81009d18       0x84 binaries/lflclose.o
                0x81009d18                lflclose
 .text          0x81009d9c       0xa0 binaries/lflcontrol.o
                0x81009d9c                lflcontrol
 .text          0x81009e3c       0xa8 binaries/lflgetc.o
                0x81009e3c                lflgetc
 .text          0x81009ee4       0xa8 binaries/lflinit.o
                0x81009ee4                lflinit
 .text          0x81009f8c       0xdc binaries/lflputc.o
                0x81009f8c                lflputc
 .text          0x8100a068       0x78 binaries/lflread.o
                0x8100a068                lflread
 .text          0x8100a0e0       0x80 binaries/lflseek.o
                0x8100a0e0                lflseek
 .text          0x8100a160       0x5c binaries/lflwrite.o
                0x8100a160                lflwrite
 .text          0x8100a1bc       0xa0 binaries/lfscheck.o
                0x8100a1bc                lfscheck
 .text          0x8100a25c      0x144 binaries/lfsckfmt.o
                0x8100a25c                lfsckfmt
 .text          0x8100a3a0      0x15c binaries/lfscreate.o
                0x8100a3a0                lfscreate
 .text          0x8100a4fc      0x1f0 binaries/lfsetup.o
                0x8100a4fc                lfsetup
 .text          0x8100a6ec       0x44 binaries/lfsinit.o
                0x8100a6ec                lfsinit
 .text          0x8100a730      0x358 binaries/lfsopen.o
                0x8100a730                lfsopen
 .text          0x8100aa88      0x108 binaries/lftruncate.o
                0x8100aa88                lftruncate
 .text          0x8100ab90       0x70 binaries/rflclose.o
                0x8100ab90                rflclose
 .text          0x8100ac00       0x28 binaries/rflgetc.o
                0x8100ac00                rflgetc
 .text          0x8100ac28       0x54 binaries/rflinit.o
                0x8100ac28                rflinit
 .text          0x8100ac7c       0x30 binaries/rflputc.o
                0x8100ac7c                rflputc
 .text          0x8100acac      0x28c binaries/rflread.o
                0x8100acac                rflread
 .text          0x8100af38       0x74 binaries/rflseek.o
                0x8100af38                rflseek
 .text          0x8100afac      0x2c8 binaries/rflwrite.o
                0x8100afac                rflwrite
 .text          0x8100b274      0x198 binaries/rfscomm.o
                0x8100b274                rfscomm
 .text          0x8100b40c      0x224 binaries/rfscontrol.o
                0x8100b40c                rfscontrol
 .text          0x8100b630       0xc8 binaries/rfsgetmode.o
                0x8100b630                rfsgetmode
 .text          0x8100b6f8       0x84 binaries/rfsinit.o
                0x8100b6f8                rfsinit
 .text          0x8100b77c       0xa4 binaries/rfsndmsg.o
                0x8100b77c                rfsndmsg
 .text          0x8100b820      0x22c binaries/rfsopen.o
                0x8100b820                rfsopen
 .text          0x8100ba4c       0x8c binaries/spicontrol.o
                0x8100ba4c                spicontrol
 .text          0x8100bad8       0xa8 binaries/spiinit.o
                0x8100bad8                spiinit
 .text          0x8100bb80      0x714 binaries/arp.o
                0x8100bb80                arp_init
                0x8100bba0                arp_alloc
                0x8100bc74                arp_ntoh
                0x8100bd18                arp_hton
                0x8100bdbc                arp_resolve
                0x8100c020                arp_in
 .text          0x8100c294      0x6b0 binaries/dhcp.o
                0x8100c294                dhcp_get_opt_val
                0x8100c2f4                dhcp_bld_bootp_msg
                0x8100c3ec                dhcp_bld_disc
                0x8100c440                dhcp_bld_req
                0x8100c504                getlocalip
 .text          0x8100c944      0x56c binaries/dns.o
                0x8100ca2c                dnslookup
 .text          0x8100ceb0      0x120 binaries/dot2ip.o
                0x8100ceb0                dot2ip
 .text          0x8100cfd0      0x33c binaries/hexdump.o
                0x8100cfd0                hexdump
                0x8100d130                hexadump
 .text          0x8100d30c      0x660 binaries/icmp.o
                0x8100d30c                icmp_init
                0x8100d330                icmp_register
                0x8100d3ec                icmp_recv
                0x8100d53c                icmp_mkpkt
                0x8100d62c                icmp_in
                0x8100d778                icmp_send
                0x8100d7e8                icmp_release
                0x8100d8a4                icmp_cksum
                0x8100d904                icmp_hton
                0x8100d938                icmp_ntoh
 .text          0x8100d96c      0x6b4 binaries/ip.o
                0x8100d96c                ip_local
                0x8100d9d0                ipcksum
                0x8100da14                ip_ntoh
                0x8100dab8                ip_in
                0x8100dc00                ip_hton
                0x8100dca4                ip_out
                0x8100dd58                ip_send
                0x8100de88                ipout
                0x8100df84                ip_enqueue
 .text          0x8100e020      0x228 binaries/net.o
                0x8100e020                net_init
                0x8100e128                eth_hton
                0x8100e13c                eth_ntoh
                0x8100e150                netin
                0x8100e1f8                getport
 .text          0x8100e248      0x9dc binaries/pdump.o
                0x8100e248                pdump
                0x8100e7d4                pdumph
 .text          0x8100ec24      0x56c binaries/tftp.o
                0x8100ec24                tftp_send1
                0x8100ed10                tftpget_mb
                0x8100f15c                tftpget
 .text          0x8100f190      0x8d8 binaries/udp.o
                0x8100f190                udp_init
                0x8100f1b8                udp_in
                0x8100f2ec                udp_register
                0x8100f3e8                udp_recv
                0x8100f51c                udp_recvaddr
                0x8100f66c                udp_send
                0x8100f7e4                udp_sendto
                0x8100f944                udp_release
                0x8100fa00                udp_ntoh
                0x8100fa34                udp_hton
 .text          0x8100fa68      0x120 binaries/addargs.o
                0x8100fa68                addargs
 .text          0x8100fb88      0x2b4 binaries/lexan.o
                0x8100fb88                lexan
 .text          0x8100fe3c      0x6ac binaries/shell.o
                0x8100fe3c                shell
 .text          0x810104e8       0x64 binaries/xsh_argecho.o
                0x810104e8                xsh_argecho
 .text          0x8101054c      0x1f8 binaries/xsh_arp.o
                0x8101054c                xsh_arp
 .text          0x81010744      0x23c binaries/xsh_cat.o
                0x81010744                xsh_cat
 .text          0x81010980       0x5c binaries/xsh_clear.o
                0x81010980                xsh_clear
 .text          0x810109dc      0x29c binaries/xsh_date.o
                0x810109dc                xsh_date
 .text          0x81010c78       0x98 binaries/xsh_devdump.o
                0x81010c78                xsh_devdump
 .text          0x81010d10       0x68 binaries/xsh_echo.o
                0x81010d10                xsh_echo
 .text          0x81010d78        0x8 binaries/xsh_exit.o
                0x81010d78                xsh_exit
 .text          0x81010d80      0x3d0 binaries/xsh_help.o
                0x81010d80                xsh_help
 .text          0x81011150      0x1f8 binaries/xsh_kill.o
                0x81011150                xsh_kill
 .text          0x81011348      0x490 binaries/xsh_memdump.o
                0x81011444                xsh_memdump
 .text          0x810117d8      0x224 binaries/xsh_memstat.o
                0x810117d8                xsh_memstat
 .text          0x810119fc      0x3fc binaries/xsh_netinfo.o
                0x810119fc                xsh_netinfo
 .text          0x81011df8      0x3b0 binaries/xsh_ping.o
                0x81011df8                xsh_ping
 .text          0x810121a8      0x220 binaries/xsh_ps.o
                0x810121a8                xsh_ps
 .text          0x810123c8      0x1cc binaries/xsh_sleep.o
                0x810123c8                xsh_sleep
 .text          0x81012594      0x244 binaries/xsh_udpdump.o
                0x81012594                xsh_udpdump
 .text          0x810127d8      0x400 binaries/xsh_udpecho.o
                0x810127d8                xsh_udpecho
 .text          0x81012bd8      0x254 binaries/xsh_udpserver.o
                0x81012bd8                xsh_udpeserver
 .text          0x81012e2c      0x1ac binaries/xsh_uptime.o
                0x81012e2c                xsh_uptime
 .text          0x81012fd8       0x2c binaries/ctxsw.o
                0x81012fd8                ctxsw
 .text          0x81013004      0x100 binaries/intr.o
                0x81013004                disable
                0x81013010                restore
                0x81013034                enable
                0x8101303c                pause
                0x8101303c                halt
                0x81013044                irq_except
                0x81013074                initevec
                0x810130d4                expjmpinstr
 .text          0x81013104      0x114 ../cross_compiler/lib/gcc/arm-none-eabi/4.8.1//libgcc.a(_udivsi3.o)
                0x81013104                __udivsi3
                0x81013104                __aeabi_uidiv
                0x810131f8                __aeabi_uidivmod
 .text          0x81013218      0x148 ../cross_compiler/lib/gcc/arm-none-eabi/4.8.1//libgcc.a(_divsi3.o)
                0x81013218                __aeabi_idiv
                0x81013218                __divsi3
                0x81013340                __aeabi_idivmod
 .text          0x81013360        0x4 ../cross_compiler/lib/gcc/arm-none-eabi/4.8.1//libgcc.a(_dvmd_tls.o)
                0x81013360                __aeabi_ldiv0
                0x81013360                __aeabi_idiv0
 .text          0x81013364      0x49c ../cross_compiler/lib/gcc/arm-none-eabi/4.8.1//libgcc.a(_arm_muldivdf3.o)
                0x81013364                __aeabi_dmul
                0x81013364                __muldf3
                0x810135f4                __aeabi_ddiv
                0x810135f4                __divdf3
 .text          0x81013800      0x144 ../cross_compiler/lib/gcc/arm-none-eabi/4.8.1//libgcc.a(_arm_cmpdf2.o)
                0x81013800                __gtdf2
                0x81013800                __gedf2
                0x81013808                __ltdf2
                0x81013808                __ledf2
                0x81013810                __cmpdf2
                0x81013810                __eqdf2
                0x81013810                __nedf2
                0x81013898                __aeabi_cdrcmple
                0x810138b4                __aeabi_cdcmple
                0x810138b4                __aeabi_cdcmpeq
                0x810138cc                __aeabi_dcmpeq
                0x810138e4                __aeabi_dcmplt
                0x810138fc                __aeabi_dcmple
                0x81013914                __aeabi_dcmpge
                0x8101392c                __aeabi_dcmpgt
 .text          0x81013944       0x5c ../cross_compiler/lib/gcc/arm-none-eabi/4.8.1//libgcc.a(_arm_fixdfsi.o)
                0x81013944                __fixdfsi
                0x81013944                __aeabi_d2iz
 *(.rodata .rodata.*)
 .rodata.str1.4
                0x810139a0       0x78 binaries/ascdate.o
 .rodata.str1.4
                0x81013a18       0xe0 binaries/conf.o
 .rodata.str1.4
                0x81013af8       0x61 binaries/getutime.o
                                 0x64 (size before relaxing)
 *fill*         0x81013b59        0x3 
 .rodata        0x81013b5c      0x100 binaries/initialize.o
 .rodata.str1.4
                0x81013c5c      0x188 binaries/initialize.o
                                0x18c (size before relaxing)
 .rodata.str1.4
                0x81013de4       0x40 binaries/main.o
                                 0x70 (size before relaxing)
 .rodata.str1.4
                0x81013e24        0xf binaries/panic.o
                                 0x10 (size before relaxing)
 *fill*         0x81013e33        0x1 
 .rodata.str1.4
                0x81013e34       0x1d binaries/ptinit.o
                                 0x20 (size before relaxing)
 *fill*         0x81013e51        0x3 
 .rodata.str1.4
                0x81013e54       0x25 binaries/ptsend.o
                                 0x28 (size before relaxing)
 *fill*         0x81013e79        0x3 
 .rodata.str1.4
                0x81013e7c       0x27 binaries/xdone.o
                                 0x28 (size before relaxing)
 *fill*         0x81013ea3        0x1 
 .rodata        0x81013ea4       0x84 binaries/ctype_.o
                0x81013ea4                _ctype_
 .rodata.str1.4
                0x81013f28       0x2f binaries/doprnt.o
                                 0x30 (size before relaxing)
 .rodata.str1.4
                0x00000000       0x30 binaries/fdoprnt.o
 *fill*         0x81013f57        0x1 
 .rodata.str1.4
                0x81013f58       0x86 binaries/naminit.o
                                 0x90 (size before relaxing)
 *fill*         0x81013fde        0x2 
 .rodata.str1.4
                0x81013fe0       0xe5 binaries/ethinit.o
                                 0xe8 (size before relaxing)
 *fill*         0x810140c5        0x3 
 .rodata.str1.4
                0x810140c8       0x42 binaries/ethread.o
                                 0x44 (size before relaxing)
 *fill*         0x8101410a        0x2 
 .rodata.str1.4
                0x8101410c       0x35 binaries/gpio_handler.o
                                 0x38 (size before relaxing)
 *fill*         0x81014141        0x3 
 .rodata        0x81014144      0x380 binaries/gpio_init.o
                0x81014144                control_module
                0x81014344                module
                0x81014354                pin_map
 .rodata.str1.4
                0x810144c4      0x15f binaries/gpio_init.o
                                0x160 (size before relaxing)
 *fill*         0x81014623        0x1 
 .rodata.str1.4
                0x81014624      0x113 binaries/gpio_read.o
                                0x14c (size before relaxing)
 *fill*         0x81014737        0x1 
 .rodata.str1.4
                0x81014738       0x4c binaries/gpio_write.o
                                 0x64 (size before relaxing)
 .rodata.str1.4
                0x81014784       0x2c binaries/adchandler.o
 .rodata.str1.4
                0x810147b0      0x2d3 binaries/adcinit.o
                                0x2d4 (size before relaxing)
 *fill*         0x81014a83        0x1 
 .rodata.str1.4
                0x81014a84       0x6c binaries/adcread.o
 .rodata.str1.4
                0x81014af0       0x2c binaries/rdsbufalloc.o
 .rodata.str1.4
                0x81014b1c       0x76 binaries/rdscomm.o
                                 0x78 (size before relaxing)
 *fill*         0x81014b92        0x2 
 .rodata.str1.4
                0x81014b94       0x48 binaries/rdscontrol.o
 .rodata.str1.4
                0x81014bdc       0x96 binaries/rdsinit.o
                                 0x98 (size before relaxing)
 *fill*         0x81014c72        0x2 
 .rodata.str1.4
                0x81014c74       0x22 binaries/rdsopen.o
                                 0x24 (size before relaxing)
 *fill*         0x81014c96        0x2 
 .rodata.str1.4
                0x81014c98       0x4d binaries/rdsprocess.o
                                 0x50 (size before relaxing)
 *fill*         0x81014ce5        0x3 
 .rodata.str1.4
                0x81014ce8        0x9 binaries/raminit.o
                                  0xc (size before relaxing)
 *fill*         0x81014cf1        0x3 
 .rodata.str1.4
                0x81014cf4       0x37 binaries/lfdballoc.o
                                 0x38 (size before relaxing)
 *fill*         0x81014d2b        0x1 
 .rodata.str1.4
                0x81014d2c       0x14 binaries/lfiballoc.o
 .rodata.str1.4
                0x81014d40       0x23 binaries/lflcontrol.o
                                 0x24 (size before relaxing)
 *fill*         0x81014d63        0x1 
 .rodata.str1.4
                0x81014d64      0x11f binaries/lfsckfmt.o
                                0x120 (size before relaxing)
 *fill*         0x81014e83        0x1 
 .rodata.str1.4
                0x81014e84       0x2a binaries/lfsopen.o
                                 0x2c (size before relaxing)
 *fill*         0x81014eae        0x2 
 .rodata.str1.4
                0x81014eb0       0x21 binaries/rflread.o
                                 0x24 (size before relaxing)
 .rodata.str1.4
                0x00000000       0x24 binaries/rflwrite.o
 *fill*         0x81014ed1        0x3 
 .rodata.str1.4
                0x81014ed4       0x75 binaries/rfscomm.o
                                 0x78 (size before relaxing)
 *fill*         0x81014f49        0x3 
 .rodata.str1.4
                0x81014f4c       0x23 binaries/rfscontrol.o
                                 0x24 (size before relaxing)
 *fill*         0x81014f6f        0x1 
 .rodata.str1.4
                0x81014f70       0x63 binaries/rfsinit.o
                                 0x64 (size before relaxing)
 *fill*         0x81014fd3        0x1 
 .rodata.str1.4
                0x81014fd4       0x2a binaries/rfsndmsg.o
                                 0x2c (size before relaxing)
 .rodata.str1.4
                0x00000000       0x24 binaries/rfsopen.o
 *fill*         0x81014ffe        0x2 
 .rodata.str1.4
                0x81015000       0x3d binaries/arp.o
                                 0x40 (size before relaxing)
 *fill*         0x8101503d        0x3 
 .rodata.str1.4
                0x81015040       0xd3 binaries/dhcp.o
                                 0xd4 (size before relaxing)
 *fill*         0x81015113        0x1 
 .rodata.str1.4
                0x81015114       0x1a binaries/dns.o
                                 0x1c (size before relaxing)
 *fill*         0x8101512e        0x2 
 .rodata.str1.4
                0x81015130       0xca binaries/hexdump.o
                                 0xd8 (size before relaxing)
 *fill*         0x810151fa        0x2 
 .rodata.str1.4
                0x810151fc       0x29 binaries/icmp.o
                                 0x2c (size before relaxing)
 *fill*         0x81015225        0x3 
 .rodata.str1.4
                0x81015228       0xb2 binaries/ip.o
                                 0xb4 (size before relaxing)
 *fill*         0x810152da        0x2 
 .rodata.str1.4
                0x810152dc       0x53 binaries/net.o
                                 0x54 (size before relaxing)
 *fill*         0x8101532f        0x1 
 .rodata.str1.4
                0x81015330      0x292 binaries/pdump.o
                                0x298 (size before relaxing)
 *fill*         0x810155c2        0x2 
 .rodata.str1.4
                0x810155c4      0x154 binaries/tftp.o
                                0x158 (size before relaxing)
 .rodata.str1.4
                0x81015718       0x38 binaries/udp.o
 .rodata        0x81015750       0xfc binaries/shell.o
                0x81015750                cmdtab
 .rodata.str1.4
                0x8101584c      0x2e6 binaries/shell.o
                                0x2f0 (size before relaxing)
 *fill*         0x81015b32        0x2 
 .rodata.str1.4
                0x81015b34       0x29 binaries/xsh_argecho.o
                                 0x30 (size before relaxing)
 *fill*         0x81015b5d        0x3 
 .rodata.str1.4
                0x81015b60      0x13e binaries/xsh_arp.o
                                0x144 (size before relaxing)
 *fill*         0x81015c9e        0x2 
 .rodata.str1.4
                0x81015ca0       0x81 binaries/xsh_cat.o
                                 0xd4 (size before relaxing)
 *fill*         0x81015d21        0x3 
 .rodata.str1.4
                0x81015d24       0x19 binaries/xsh_clear.o
                                 0x1c (size before relaxing)
 *fill*         0x81015d3d        0x3 
 .rodata.str1.4
                0x81015d40      0x1af binaries/xsh_date.o
                                0x1cc (size before relaxing)
 *fill*         0x81015eef        0x1 
 .rodata.str1.4
                0x81015ef0       0x61 binaries/xsh_devdump.o
                                 0x64 (size before relaxing)
 *fill*         0x81015f51        0x3 
 .rodata.str1.4
                0x81015f54        0x8 binaries/xsh_echo.o
                                  0xc (size before relaxing)
 .rodata.str1.4
                0x81015f5c       0xe7 binaries/xsh_help.o
                                0x17c (size before relaxing)
 *fill*         0x81016043        0x1 
 .rodata.str1.4
                0x81016044       0xc8 binaries/xsh_kill.o
                                0x138 (size before relaxing)
 .rodata.str1.4
                0x8101610c      0x226 binaries/xsh_memdump.o
                                0x27c (size before relaxing)
 *fill*         0x81016332        0x2 
 .rodata.str1.4
                0x81016334      0x1cc binaries/xsh_memstat.o
                                0x234 (size before relaxing)
 .rodata.str1.4
                0x81016500      0x10f binaries/xsh_netinfo.o
                                0x1cc (size before relaxing)
 *fill*         0x8101660f        0x1 
 .rodata.str1.4
                0x81016610      0x13f binaries/xsh_ping.o
                                0x1b4 (size before relaxing)
 *fill*         0x8101674f        0x1 
 .rodata        0x81016750       0x20 binaries/xsh_ps.o
 .rodata.str1.4
                0x81016770      0x11a binaries/xsh_ps.o
                                0x1d4 (size before relaxing)
 *fill*         0x8101688a        0x2 
 .rodata.str1.4
                0x8101688c       0x5e binaries/xsh_sleep.o
                                 0xf8 (size before relaxing)
 *fill*         0x810168ea        0x2 
 .rodata        0x810168ec        0xc binaries/xsh_udpdump.o
 .rodata.str1.4
                0x810168f8      0x122 binaries/xsh_udpdump.o
                                0x1e0 (size before relaxing)
 *fill*         0x81016a1a        0x2 
 .rodata.str1.4
                0x81016a1c      0x1ae binaries/xsh_udpecho.o
                                0x224 (size before relaxing)
 *fill*         0x81016bca        0x2 
 .rodata.str1.4
                0x81016bcc       0x97 binaries/xsh_udpserver.o
                                0x13c (size before relaxing)
 *fill*         0x81016c63        0x1 
 .rodata.str1.4
                0x81016c64       0x78 binaries/xsh_uptime.o
                                0x114 (size before relaxing)
                0x81016cdc                etext = ABSOLUTE (.)
                0x81017000                . = ALIGN (0x1000)
 *fill*         0x81016cdc      0x324 

.glue_7         0x81017000        0x0
 .glue_7        0x00000000        0x0 linker stubs

.glue_7t        0x81017000        0x0
 .glue_7t       0x00000000        0x0 linker stubs

.vfp11_veneer   0x81017000        0x0
 .vfp11_veneer  0x00000000        0x0 linker stubs

.v4_bx          0x81017000        0x0
 .v4_bx         0x00000000        0x0 linker stubs

.iplt           0x81017000        0x0
 .iplt          0x00000000        0x0 binaries/start.o

.rel.dyn        0x81017000        0x0
 .rel.iplt      0x00000000        0x0 binaries/start.o

.data           0x81017000     0x1000
                0x81017000                data = ABSOLUTE (.)
 *(.data .data.*)
 .data          0x81017000        0x0 binaries/start.o
 .data          0x81017000       0x88 binaries/ascdate.o
                0x81017000                Date
 .data          0x81017088        0x0 binaries/bufinit.o
 .data          0x81017088        0x0 binaries/chprio.o
 .data          0x81017088        0x4 binaries/clkhandler.o
 .data          0x8101708c        0x0 binaries/clkinit.o
 .data          0x8101708c        0x0 binaries/close.o
 .data          0x8101708c      0x654 binaries/conf.o
                0x8101708c                devtab
 .data          0x810176e0        0x0 binaries/control.o
 .data          0x810176e0        0x4 binaries/create.o
 .data          0x810176e4       0x40 binaries/evec.o
                0x810176e4                expmsg2
                0x810176f8                expmsg1
 .data          0x81017724        0x0 binaries/exit.o
 .data          0x81017724        0x0 binaries/freebuf.o
 .data          0x81017724        0x0 binaries/freemem.o
 .data          0x81017724        0x0 binaries/getbuf.o
 .data          0x81017724        0x0 binaries/getc.o
 .data          0x81017724        0x0 binaries/getdev.o
 .data          0x81017724        0x0 binaries/getitem.o
 .data          0x81017724        0x0 binaries/getmem.o
 .data          0x81017724        0x0 binaries/getpid.o
 .data          0x81017724        0x0 binaries/getprio.o
 .data          0x81017724        0x0 binaries/getstk.o
 .data          0x81017724        0x0 binaries/getticks.o
 .data          0x81017724        0x0 binaries/gettime.o
 .data          0x81017724        0x0 binaries/getutime.o
 .data          0x81017724        0x0 binaries/init.o
 .data          0x81017724        0x0 binaries/initialize.o
 .data          0x81017724        0x0 binaries/insert.o
 .data          0x81017724        0x0 binaries/insertd.o
 .data          0x81017724        0x0 binaries/ioerr.o
 .data          0x81017724        0x0 binaries/ionull.o
 .data          0x81017724        0x0 binaries/kill.o
 .data          0x81017724        0x0 binaries/kprintf.o
 .data          0x81017724        0x1 binaries/main.o
 .data          0x81017725        0x0 binaries/mark.o
 .data          0x81017725        0x0 binaries/meminit.o
 .data          0x81017725        0x0 binaries/mkbufpool.o
 *fill*         0x81017725        0x1 
 .data          0x81017726        0x2 binaries/newqueue.o
 .data          0x81017728        0x0 binaries/open.o
 .data          0x81017728        0x0 binaries/panic.o
 .data          0x81017728        0x0 binaries/platinit.o
 .data          0x81017728        0x0 binaries/ptclear.o
 .data          0x81017728        0x0 binaries/ptcount.o
 .data          0x81017728        0x0 binaries/ptcreate.o
 .data          0x81017728        0x0 binaries/ptdelete.o
 .data          0x81017728        0x0 binaries/ptinit.o
 .data          0x81017728        0x0 binaries/ptrecv.o
 .data          0x81017728        0x0 binaries/ptreset.o
 .data          0x81017728        0x0 binaries/ptsend.o
 .data          0x81017728        0x0 binaries/putc.o
 .data          0x81017728        0x0 binaries/queue.o
 .data          0x81017728        0x0 binaries/read.o
 .data          0x81017728        0x0 binaries/ready.o
 .data          0x81017728        0x0 binaries/receive.o
 .data          0x81017728        0x0 binaries/recvclr.o
 .data          0x81017728        0x0 binaries/recvtime.o
 .data          0x81017728        0x0 binaries/resched.o
 .data          0x81017728        0x0 binaries/resume.o
 .data          0x81017728        0x0 binaries/seek.o
 .data          0x81017728        0x0 binaries/semcount.o
 .data          0x81017728        0x0 binaries/semcreate.o
 .data          0x81017728        0x0 binaries/semdelete.o
 .data          0x81017728        0x0 binaries/semreset.o
 .data          0x81017728        0x0 binaries/send.o
 .data          0x81017728        0x0 binaries/signal.o
 .data          0x81017728        0x0 binaries/signaln.o
 .data          0x81017728        0x0 binaries/sleep.o
 .data          0x81017728        0x0 binaries/suspend.o
 .data          0x81017728        0x0 binaries/unsleep.o
 .data          0x81017728        0x0 binaries/userret.o
 .data          0x81017728        0x0 binaries/wait.o
 .data          0x81017728        0x0 binaries/wakeup.o
 .data          0x81017728        0x0 binaries/write.o
 .data          0x81017728        0x0 binaries/xdone.o
 .data          0x81017728        0x0 binaries/yield.o
 .data          0x81017728        0x0 binaries/abs.o
 .data          0x81017728        0x0 binaries/atoi.o
 .data          0x81017728        0x0 binaries/atol.o
 .data          0x81017728        0x0 binaries/bzero.o
 .data          0x81017728        0x0 binaries/ctype_.o
 .data          0x81017728        0x0 binaries/doprnt.o
 .data          0x81017728       0x80 binaries/doscan.o
                0x81017728                _sctab
 .data          0x810177a8        0x0 binaries/fdoprnt.o
 .data          0x810177a8        0x0 binaries/fgetc.o
 .data          0x810177a8        0x0 binaries/fgets.o
 .data          0x810177a8        0x0 binaries/fprintf.o
 .data          0x810177a8        0x0 binaries/fputc.o
 .data          0x810177a8        0x0 binaries/fputs.o
 .data          0x810177a8        0x0 binaries/fscanf.o
 .data          0x810177a8        0x0 binaries/getchar.o
 .data          0x810177a8        0x0 binaries/labs.o
 .data          0x810177a8        0x0 binaries/memchr.o
 .data          0x810177a8        0x0 binaries/memcmp.o
 .data          0x810177a8        0x0 binaries/memcpy.o
 .data          0x810177a8        0x0 binaries/memset.o
 .data          0x810177a8        0x0 binaries/printf.o
 .data          0x810177a8        0x0 binaries/putchar.o
 .data          0x810177a8        0x0 binaries/qsort.o
 .data          0x810177a8        0x4 binaries/rand.o
 .data          0x810177ac        0x0 binaries/sprintf.o
 .data          0x810177ac        0x0 binaries/sscanf.o
 .data          0x810177ac        0x0 binaries/strchr.o
 .data          0x810177ac        0x0 binaries/strcmp.o
 .data          0x810177ac        0x0 binaries/strcpy.o
 .data          0x810177ac        0x0 binaries/strlen.o
 .data          0x810177ac        0x0 binaries/strncat.o
 .data          0x810177ac        0x0 binaries/strncmp.o
 .data          0x810177ac        0x0 binaries/strncpy.o
 .data          0x810177ac        0x0 binaries/strnlen.o
 .data          0x810177ac        0x0 binaries/strrchr.o
 .data          0x810177ac        0x0 binaries/strstr.o
 .data          0x810177ac        0x0 binaries/ttycontrol.o
 .data          0x810177ac        0x0 binaries/ttygetc.o
 .data          0x810177ac        0x0 binaries/ttyhandle_in.o
 .data          0x810177ac        0x0 binaries/ttyhandle_out.o
 .data          0x810177ac        0x0 binaries/ttyhandler.o
 .data          0x810177ac        0x0 binaries/ttyinit.o
 .data          0x810177ac        0x0 binaries/ttykickout.o
 .data          0x810177ac        0x0 binaries/ttyputc.o
 .data          0x810177ac        0x0 binaries/ttyread.o
 .data          0x810177ac        0x0 binaries/ttywrite.o
 .data          0x810177ac        0x0 binaries/mount.o
 .data          0x810177ac        0x0 binaries/naminit.o
 .data          0x810177ac        0x0 binaries/nammap.o
 .data          0x810177ac        0x0 binaries/namopen.o
 .data          0x810177ac        0x0 binaries/ethcontrol.o
 .data          0x810177ac        0x0 binaries/ethhandler.o
 .data          0x810177ac        0x0 binaries/ethinit.o
 .data          0x810177ac        0x0 binaries/ethread.o
 .data          0x810177ac        0x0 binaries/ethwrite.o
 .data          0x810177ac        0x0 binaries/gpio_handler.o
 .data          0x810177ac        0x0 binaries/gpio_init.o
 .data          0x810177ac        0x0 binaries/gpio_read.o
 .data          0x810177ac        0x0 binaries/gpio_write.o
 .data          0x810177ac        0x0 binaries/adchandler.o
 .data          0x810177ac        0x0 binaries/adcinit.o
 .data          0x810177ac        0x0 binaries/adcread.o
 .data          0x810177ac        0x0 binaries/adcsysctrl.o
 .data          0x810177ac        0x0 binaries/rdsbufalloc.o
 .data          0x810177ac        0x0 binaries/rdsclose.o
 .data          0x810177ac        0x0 binaries/rdscomm.o
 .data          0x810177ac        0x0 binaries/rdscontrol.o
 .data          0x810177ac        0x0 binaries/rdsinit.o
 .data          0x810177ac        0x0 binaries/rdsopen.o
 .data          0x810177ac        0x0 binaries/rdsprocess.o
 .data          0x810177ac        0x0 binaries/rdsread.o
 .data          0x810177ac        0x0 binaries/rdswrite.o
 .data          0x810177ac        0x0 binaries/ramclose.o
 .data          0x810177ac        0x0 binaries/raminit.o
 .data          0x810177ac        0x0 binaries/ramopen.o
 .data          0x810177ac        0x0 binaries/ramread.o
 .data          0x810177ac        0x0 binaries/ramwrite.o
 .data          0x810177ac        0x0 binaries/lfdballoc.o
 .data          0x810177ac        0x0 binaries/lfdbfree.o
 .data          0x810177ac        0x0 binaries/lfflush.o
 .data          0x810177ac        0x0 binaries/lfgetmode.o
 .data          0x810177ac        0x0 binaries/lfiballoc.o
 .data          0x810177ac        0x0 binaries/lfibclear.o
 .data          0x810177ac        0x0 binaries/lfibget.o
 .data          0x810177ac        0x0 binaries/lfibput.o
 .data          0x810177ac        0x0 binaries/lflclose.o
 .data          0x810177ac        0x0 binaries/lflcontrol.o
 .data          0x810177ac        0x0 binaries/lflgetc.o
 .data          0x810177ac        0x0 binaries/lflinit.o
 .data          0x810177ac        0x0 binaries/lflputc.o
 .data          0x810177ac        0x0 binaries/lflread.o
 .data          0x810177ac        0x0 binaries/lflseek.o
 .data          0x810177ac        0x0 binaries/lflwrite.o
 .data          0x810177ac        0x0 binaries/lfscheck.o
 .data          0x810177ac        0x0 binaries/lfsckfmt.o
 .data          0x810177ac        0x0 binaries/lfscreate.o
 .data          0x810177ac        0x0 binaries/lfsetup.o
 .data          0x810177ac        0x0 binaries/lfsinit.o
 .data          0x810177ac        0x0 binaries/lfsopen.o
 .data          0x810177ac        0x0 binaries/lftruncate.o
 .data          0x810177ac        0x0 binaries/rflclose.o
 .data          0x810177ac        0x0 binaries/rflgetc.o
 .data          0x810177ac        0x0 binaries/rflinit.o
 .data          0x810177ac        0x0 binaries/rflputc.o
 .data          0x810177ac        0x0 binaries/rflread.o
 .data          0x810177ac        0x0 binaries/rflseek.o
 .data          0x810177ac        0x0 binaries/rflwrite.o
 .data          0x810177ac        0x0 binaries/rfscomm.o
 .data          0x810177ac        0x0 binaries/rfscontrol.o
 .data          0x810177ac        0x0 binaries/rfsgetmode.o
 .data          0x810177ac        0x0 binaries/rfsinit.o
 .data          0x810177ac        0x0 binaries/rfsndmsg.o
 .data          0x810177ac        0x0 binaries/rfsopen.o
 .data          0x810177ac        0x0 binaries/spicontrol.o
 .data          0x810177ac        0x0 binaries/spiinit.o
 .data          0x810177ac        0x0 binaries/arp.o
 .data          0x810177ac        0x0 binaries/dhcp.o
 .data          0x810177ac        0x0 binaries/dns.o
 .data          0x810177ac        0x0 binaries/dot2ip.o
 .data          0x810177ac        0x0 binaries/hexdump.o
 .data          0x810177ac        0x4 binaries/icmp.o
 .data          0x810177b0        0x0 binaries/ip.o
 .data          0x810177b0        0x0 binaries/net.o
 .data          0x810177b0        0x0 binaries/pdump.o
 .data          0x810177b0        0x0 binaries/tftp.o
 .data          0x810177b0        0x4 binaries/udp.o
 .data          0x810177b4        0x0 binaries/addargs.o
 .data          0x810177b4        0x0 binaries/lexan.o
 .data          0x810177b4        0x4 binaries/shell.o
                0x810177b4                ncmd
 .data          0x810177b8        0x0 binaries/xsh_argecho.o
 .data          0x810177b8        0x0 binaries/xsh_arp.o
 .data          0x810177b8        0x0 binaries/xsh_cat.o
 .data          0x810177b8        0x0 binaries/xsh_clear.o
 .data          0x810177b8        0x0 binaries/xsh_date.o
 .data          0x810177b8        0x0 binaries/xsh_devdump.o
 .data          0x810177b8        0x0 binaries/xsh_echo.o
 .data          0x810177b8        0x0 binaries/xsh_exit.o
 .data          0x810177b8        0x0 binaries/xsh_help.o
 .data          0x810177b8        0x0 binaries/xsh_kill.o
 .data          0x810177b8        0x0 binaries/xsh_memdump.o
 .data          0x810177b8        0x0 binaries/xsh_memstat.o
 .data          0x810177b8        0x0 binaries/xsh_netinfo.o
 .data          0x810177b8        0x0 binaries/xsh_ping.o
 .data          0x810177b8        0x0 binaries/xsh_ps.o
 .data          0x810177b8        0x0 binaries/xsh_sleep.o
 .data          0x810177b8        0x0 binaries/xsh_udpdump.o
 .data          0x810177b8        0x0 binaries/xsh_udpecho.o
 .data          0x810177b8        0x0 binaries/xsh_udpserver.o
 .data          0x810177b8        0x0 binaries/xsh_uptime.o
 .data          0x810177b8        0x0 binaries/ctxsw.o
 .data          0x810177b8        0x0 binaries/intr.o
 .data          0x810177b8        0x0 ../cross_compiler/lib/gcc/arm-none-eabi/4.8.1//libgcc.a(_udivsi3.o)
 .data          0x810177b8        0x0 ../cross_compiler/lib/gcc/arm-none-eabi/4.8.1//libgcc.a(_divsi3.o)
 .data          0x810177b8        0x0 ../cross_compiler/lib/gcc/arm-none-eabi/4.8.1//libgcc.a(_dvmd_tls.o)
 .data          0x810177b8        0x0 ../cross_compiler/lib/gcc/arm-none-eabi/4.8.1//libgcc.a(_arm_muldivdf3.o)
 .data          0x810177b8        0x0 ../cross_compiler/lib/gcc/arm-none-eabi/4.8.1//libgcc.a(_arm_cmpdf2.o)
 .data          0x810177b8        0x0 ../cross_compiler/lib/gcc/arm-none-eabi/4.8.1//libgcc.a(_arm_fixdfsi.o)
                0x810177b8                edata = ABSOLUTE (.)
                0x81018000                . = ALIGN (0x1000)
 *fill*         0x810177b8      0x848 

.igot.plt       0x81018000        0x0
 .igot.plt      0x00000000        0x0 binaries/start.o

.bss            0x81018000    0x20000
                0x81018000                bss = ABSOLUTE (.)
 *(.bss .bss.*)
 .bss           0x81018000        0x0 binaries/start.o
 .bss           0x81018000        0x0 binaries/ascdate.o
 .bss           0x81018000        0x0 binaries/bufinit.o
 .bss           0x81018000        0x0 binaries/chprio.o
 .bss           0x81018000        0x0 binaries/clkhandler.o
 .bss           0x81018000        0x4 binaries/clkinit.o
                0x81018000                ctr1000
 .bss           0x81018004        0x0 binaries/close.o
 .bss           0x81018004        0x0 binaries/conf.o
 .bss           0x81018004        0x0 binaries/control.o
 .bss           0x81018004        0x0 binaries/create.o
 .bss           0x81018004        0x0 binaries/evec.o
 .bss           0x81018004        0x0 binaries/exit.o
 .bss           0x81018004        0x0 binaries/freebuf.o
 .bss           0x81018004        0x0 binaries/freemem.o
 .bss           0x81018004        0x0 binaries/getbuf.o
 .bss           0x81018004        0x0 binaries/getc.o
 .bss           0x81018004        0x0 binaries/getdev.o
 .bss           0x81018004        0x0 binaries/getitem.o
 .bss           0x81018004        0x0 binaries/getmem.o
 .bss           0x81018004        0x0 binaries/getpid.o
 .bss           0x81018004        0x0 binaries/getprio.o
 .bss           0x81018004        0x0 binaries/getstk.o
 .bss           0x81018004        0x0 binaries/getticks.o
 .bss           0x81018004        0x0 binaries/gettime.o
 .bss           0x81018004        0x0 binaries/getutime.o
 .bss           0x81018004        0x0 binaries/init.o
 .bss           0x81018004        0x0 binaries/initialize.o
 .bss           0x81018004        0x0 binaries/insert.o
 .bss           0x81018004        0x0 binaries/insertd.o
 .bss           0x81018004        0x0 binaries/ioerr.o
 .bss           0x81018004        0x0 binaries/ionull.o
 .bss           0x81018004        0x0 binaries/kill.o
 .bss           0x81018004        0x0 binaries/kprintf.o
 .bss           0x81018004        0x4 binaries/main.o
 .bss           0x81018008        0x0 binaries/mark.o
 .bss           0x81018008        0x0 binaries/meminit.o
 .bss           0x81018008        0x0 binaries/mkbufpool.o
 .bss           0x81018008        0x0 binaries/newqueue.o
 .bss           0x81018008        0x0 binaries/open.o
 .bss           0x81018008        0x0 binaries/panic.o
 .bss           0x81018008        0x0 binaries/platinit.o
 .bss           0x81018008        0x0 binaries/ptclear.o
 .bss           0x81018008        0x0 binaries/ptcount.o
 .bss           0x81018008        0x0 binaries/ptcreate.o
 .bss           0x81018008        0x0 binaries/ptdelete.o
 .bss           0x81018008        0x0 binaries/ptinit.o
 .bss           0x81018008        0x0 binaries/ptrecv.o
 .bss           0x81018008        0x0 binaries/ptreset.o
 .bss           0x81018008        0x0 binaries/ptsend.o
 .bss           0x81018008        0x0 binaries/putc.o
 .bss           0x81018008        0x0 binaries/queue.o
 .bss           0x81018008        0x0 binaries/read.o
 .bss           0x81018008        0x0 binaries/ready.o
 .bss           0x81018008        0x0 binaries/receive.o
 .bss           0x81018008        0x0 binaries/recvclr.o
 .bss           0x81018008        0x0 binaries/recvtime.o
 .bss           0x81018008        0x0 binaries/resched.o
 .bss           0x81018008        0x0 binaries/resume.o
 .bss           0x81018008        0x0 binaries/seek.o
 .bss           0x81018008        0x0 binaries/semcount.o
 .bss           0x81018008        0x4 binaries/semcreate.o
 .bss           0x8101800c        0x0 binaries/semdelete.o
 .bss           0x8101800c        0x0 binaries/semreset.o
 .bss           0x8101800c        0x0 binaries/send.o
 .bss           0x8101800c        0x0 binaries/signal.o
 .bss           0x8101800c        0x0 binaries/signaln.o
 .bss           0x8101800c        0x0 binaries/sleep.o
 .bss           0x8101800c        0x0 binaries/suspend.o
 .bss           0x8101800c        0x0 binaries/unsleep.o
 .bss           0x8101800c        0x0 binaries/userret.o
 .bss           0x8101800c        0x0 binaries/wait.o
 .bss           0x8101800c        0x0 binaries/wakeup.o
 .bss           0x8101800c        0x0 binaries/write.o
 .bss           0x8101800c        0x0 binaries/xdone.o
 .bss           0x8101800c        0x0 binaries/yield.o
 .bss           0x8101800c        0x0 binaries/abs.o
 .bss           0x8101800c        0x0 binaries/atoi.o
 .bss           0x8101800c        0x0 binaries/atol.o
 .bss           0x8101800c        0x0 binaries/bzero.o
 .bss           0x8101800c        0x0 binaries/ctype_.o
 .bss           0x8101800c        0x0 binaries/doprnt.o
 .bss           0x8101800c        0x0 binaries/doscan.o
 .bss           0x8101800c        0x0 binaries/fdoprnt.o
 .bss           0x8101800c        0x0 binaries/fgetc.o
 .bss           0x8101800c        0x0 binaries/fgets.o
 .bss           0x8101800c        0x0 binaries/fprintf.o
 .bss           0x8101800c        0x0 binaries/fputc.o
 .bss           0x8101800c        0x0 binaries/fputs.o
 .bss           0x8101800c        0x0 binaries/fscanf.o
 .bss           0x8101800c        0x0 binaries/getchar.o
 .bss           0x8101800c        0x0 binaries/labs.o
 .bss           0x8101800c        0x0 binaries/memchr.o
 .bss           0x8101800c        0x0 binaries/memcmp.o
 .bss           0x8101800c        0x0 binaries/memcpy.o
 .bss           0x8101800c        0x0 binaries/memset.o
 .bss           0x8101800c        0x0 binaries/printf.o
 .bss           0x8101800c        0x0 binaries/putchar.o
 .bss           0x8101800c        0x8 binaries/qsort.o
 .bss           0x81018014        0x0 binaries/rand.o
 .bss           0x81018014        0x0 binaries/sprintf.o
 .bss           0x81018014        0x0 binaries/sscanf.o
 .bss           0x81018014        0x0 binaries/strchr.o
 .bss           0x81018014        0x0 binaries/strcmp.o
 .bss           0x81018014        0x0 binaries/strcpy.o
 .bss           0x81018014        0x0 binaries/strlen.o
 .bss           0x81018014        0x0 binaries/strncat.o
 .bss           0x81018014        0x0 binaries/strncmp.o
 .bss           0x81018014        0x0 binaries/strncpy.o
 .bss           0x81018014        0x0 binaries/strnlen.o
 .bss           0x81018014        0x0 binaries/strrchr.o
 .bss           0x81018014        0x0 binaries/strstr.o
 .bss           0x81018014        0x0 binaries/ttycontrol.o
 .bss           0x81018014        0x0 binaries/ttygetc.o
 .bss           0x81018014        0x0 binaries/ttyhandle_in.o
 .bss           0x81018014        0x0 binaries/ttyhandle_out.o
 .bss           0x81018014        0x0 binaries/ttyhandler.o
 .bss           0x81018014        0x0 binaries/ttyinit.o
 .bss           0x81018014        0x0 binaries/ttykickout.o
 .bss           0x81018014        0x0 binaries/ttyputc.o
 .bss           0x81018014        0x0 binaries/ttyread.o
 .bss           0x81018014        0x0 binaries/ttywrite.o
 .bss           0x81018014        0x0 binaries/mount.o
 .bss           0x81018014        0x0 binaries/naminit.o
 .bss           0x81018014        0x0 binaries/nammap.o
 .bss           0x81018014        0x0 binaries/namopen.o
 .bss           0x81018014        0x0 binaries/ethcontrol.o
 .bss           0x81018014        0x0 binaries/ethhandler.o
 .bss           0x81018014        0x0 binaries/ethinit.o
 .bss           0x81018014        0x0 binaries/ethread.o
 .bss           0x81018014        0x0 binaries/ethwrite.o
 .bss           0x81018014        0x0 binaries/gpio_handler.o
 .bss           0x81018014        0x0 binaries/gpio_init.o
 .bss           0x81018014        0x0 binaries/gpio_read.o
 .bss           0x81018014        0x0 binaries/gpio_write.o
 .bss           0x81018014        0x0 binaries/adchandler.o
 .bss           0x81018014        0x0 binaries/adcinit.o
 .bss           0x81018014        0x0 binaries/adcread.o
 .bss           0x81018014        0x0 binaries/adcsysctrl.o
 .bss           0x81018014        0x0 binaries/rdsbufalloc.o
 .bss           0x81018014        0x0 binaries/rdsclose.o
 .bss           0x81018014        0x0 binaries/rdscomm.o
 .bss           0x81018014        0x0 binaries/rdscontrol.o
 .bss           0x81018014        0x0 binaries/rdsinit.o
 .bss           0x81018014        0x0 binaries/rdsopen.o
 .bss           0x81018014        0x0 binaries/rdsprocess.o
 .bss           0x81018014        0x0 binaries/rdsread.o
 .bss           0x81018014        0x0 binaries/rdswrite.o
 .bss           0x81018014        0x0 binaries/ramclose.o
 .bss           0x81018014        0x0 binaries/raminit.o
 .bss           0x81018014        0x0 binaries/ramopen.o
 .bss           0x81018014        0x0 binaries/ramread.o
 .bss           0x81018014        0x0 binaries/ramwrite.o
 .bss           0x81018014        0x0 binaries/lfdballoc.o
 .bss           0x81018014        0x0 binaries/lfdbfree.o
 .bss           0x81018014        0x0 binaries/lfflush.o
 .bss           0x81018014        0x0 binaries/lfgetmode.o
 .bss           0x81018014        0x0 binaries/lfiballoc.o
 .bss           0x81018014        0x0 binaries/lfibclear.o
 .bss           0x81018014        0x0 binaries/lfibget.o
 .bss           0x81018014        0x0 binaries/lfibput.o
 .bss           0x81018014        0x0 binaries/lflclose.o
 .bss           0x81018014        0x0 binaries/lflcontrol.o
 .bss           0x81018014        0x0 binaries/lflgetc.o
 .bss           0x81018014        0x0 binaries/lflinit.o
 .bss           0x81018014        0x0 binaries/lflputc.o
 .bss           0x81018014        0x0 binaries/lflread.o
 .bss           0x81018014        0x0 binaries/lflseek.o
 .bss           0x81018014        0x0 binaries/lflwrite.o
 .bss           0x81018014        0x0 binaries/lfscheck.o
 .bss           0x81018014        0x0 binaries/lfsckfmt.o
 .bss           0x81018014        0x0 binaries/lfscreate.o
 .bss           0x81018014        0x0 binaries/lfsetup.o
 .bss           0x81018014        0x0 binaries/lfsinit.o
 .bss           0x81018014        0x0 binaries/lfsopen.o
 .bss           0x81018014        0x0 binaries/lftruncate.o
 .bss           0x81018014        0x0 binaries/rflclose.o
 .bss           0x81018014        0x0 binaries/rflgetc.o
 .bss           0x81018014        0x0 binaries/rflinit.o
 .bss           0x81018014        0x0 binaries/rflputc.o
 .bss           0x81018014        0x0 binaries/rflread.o
 .bss           0x81018014        0x0 binaries/rflseek.o
 .bss           0x81018014        0x0 binaries/rflwrite.o
 .bss           0x81018014        0x0 binaries/rfscomm.o
 .bss           0x81018014        0x0 binaries/rfscontrol.o
 .bss           0x81018014        0x0 binaries/rfsgetmode.o
 .bss           0x81018014        0x0 binaries/rfsinit.o
 .bss           0x81018014        0x0 binaries/rfsndmsg.o
 .bss           0x81018014        0x0 binaries/rfsopen.o
 .bss           0x81018014        0x0 binaries/spicontrol.o
 .bss           0x81018014        0x0 binaries/spiinit.o
 .bss           0x81018014        0x0 binaries/arp.o
 .bss           0x81018014        0x0 binaries/dhcp.o
 .bss           0x81018014        0x0 binaries/dns.o
 .bss           0x81018014        0x0 binaries/dot2ip.o
 .bss           0x81018014        0x0 binaries/hexdump.o
 .bss           0x81018014        0x0 binaries/icmp.o
 .bss           0x81018014        0x0 binaries/ip.o
 .bss           0x81018014        0x0 binaries/net.o
 .bss           0x81018014        0x0 binaries/pdump.o
 .bss           0x81018014        0x0 binaries/tftp.o
 .bss           0x81018014        0x0 binaries/udp.o
 .bss           0x81018014        0x0 binaries/addargs.o
 .bss           0x81018014        0x0 binaries/lexan.o
 .bss           0x81018014        0x0 binaries/shell.o
 .bss           0x81018014        0x0 binaries/xsh_argecho.o
 .bss           0x81018014        0x0 binaries/xsh_arp.o
 .bss           0x81018014        0x0 binaries/xsh_cat.o
 .bss           0x81018014        0x0 binaries/xsh_clear.o
 .bss           0x81018014        0x0 binaries/xsh_date.o
 .bss           0x81018014        0x0 binaries/xsh_devdump.o
 .bss           0x81018014        0x0 binaries/xsh_echo.o
 .bss           0x81018014        0x0 binaries/xsh_exit.o
 .bss           0x81018014        0x0 binaries/xsh_help.o
 .bss           0x81018014        0x0 binaries/xsh_kill.o
 .bss           0x81018014        0x0 binaries/xsh_memdump.o
 .bss           0x81018014        0x0 binaries/xsh_memstat.o
 .bss           0x81018014        0x0 binaries/xsh_netinfo.o
 .bss           0x81018014        0x4 binaries/xsh_ping.o
 .bss           0x81018018        0x0 binaries/xsh_ps.o
 .bss           0x81018018        0x0 binaries/xsh_sleep.o
 .bss           0x81018018        0x0 binaries/xsh_udpdump.o
 .bss           0x81018018        0x0 binaries/xsh_udpecho.o
 .bss           0x81018018        0x0 binaries/xsh_udpserver.o
 .bss           0x81018018        0x0 binaries/xsh_uptime.o
 .bss           0x81018018        0x0 binaries/ctxsw.o
 .bss           0x81018018        0x0 binaries/intr.o
 .bss           0x81018018        0x0 ../cross_compiler/lib/gcc/arm-none-eabi/4.8.1//libgcc.a(_udivsi3.o)
 .bss           0x81018018        0x0 ../cross_compiler/lib/gcc/arm-none-eabi/4.8.1//libgcc.a(_divsi3.o)
 .bss           0x81018018        0x0 ../cross_compiler/lib/gcc/arm-none-eabi/4.8.1//libgcc.a(_dvmd_tls.o)
 .bss           0x81018018        0x0 ../cross_compiler/lib/gcc/arm-none-eabi/4.8.1//libgcc.a(_arm_muldivdf3.o)
 .bss           0x81018018        0x0 ../cross_compiler/lib/gcc/arm-none-eabi/4.8.1//libgcc.a(_arm_cmpdf2.o)
 .bss           0x81018018        0x0 ../cross_compiler/lib/gcc/arm-none-eabi/4.8.1//libgcc.a(_arm_fixdfsi.o)
 *(COMMON)
 COMMON         0x81018018       0xf4 binaries/bufinit.o
                0x81018018                buftab
                0x81018108                nbpools
 COMMON         0x8101810c        0xc binaries/clkinit.o
                0x8101810c                sleepq
                0x81018110                preempt
                0x81018114                clktime
 COMMON         0x81018118      0x200 binaries/evec.o
                0x81018118                intc_vector
 COMMON         0x81018318     0x1aa0 binaries/initialize.o
                0x81018318                currpid
                0x8101831c                proctab
                0x810198fc                prcount
                0x81019900                semtab
                0x81019db0                memlist
 COMMON         0x81019db8       0x58 binaries/mark.o
                0x81019db8                marks
                0x81019e08                nmarks
                0x81019e0c                mkmutex
 COMMON         0x81019e10        0x8 binaries/meminit.o
                0x81019e10                minheap
                0x81019e14                maxheap
 COMMON         0x81019e18      0x2d8 binaries/ptinit.o
                0x81019e18                porttab
                0x8101a0e8                ptnextid
                0x8101a0ec                ptfree
 COMMON         0x8101a0f0      0x980 binaries/queue.o
                0x8101a0f0                queuetab
 COMMON         0x8101aa70        0x2 binaries/ready.o
                0x8101aa70                readylist
 *fill*         0x8101aa72        0x2 
 COMMON         0x8101aa74        0x8 binaries/resched.o
                0x8101aa74                Defer
 COMMON         0x8101aa7c      0x110 binaries/ttyinit.o
                0x8101aa7c                ttytab
 COMMON         0x8101ab8c     0x19a4 binaries/naminit.o
                0x8101ab8c                nnames
                0x8101ab90                nametab
 COMMON         0x8101c530      0x154 binaries/ethinit.o
                0x8101c530                eth_a_regs
                0x8101c54c                ethertab
 COMMON         0x8101c684      0x400 binaries/gpio_init.o
                0x8101c684                falling_list
                0x8101c884                rising_list
 COMMON         0x8101ca84       0x18 binaries/adcinit.o
                0x8101ca84                enabled_steps
                0x8101ca98                readSem
 COMMON         0x8101ca9c       0x8c binaries/rdsinit.o
                0x8101ca9c                rdstab
 COMMON         0x8101cb28    0x19000 binaries/raminit.o
                0x8101cb28                Ram
 COMMON         0x81035b28      0xf00 binaries/lflinit.o
                0x81035b28                lfltab
 COMMON         0x81036a28      0x20c binaries/lfsinit.o
                0x81036a28                Lf_data
 COMMON         0x81036c34      0x5a0 binaries/rflinit.o
                0x81036c34                rfltab
 COMMON         0x810371d4       0x18 binaries/rfsinit.o
                0x810371d4                Rf_data
 COMMON         0x810371ec      0x140 binaries/arp.o
                0x810371ec                arpcache
 COMMON         0x8103732c      0x230 binaries/icmp.o
                0x8103732c                icmptab
 COMMON         0x8103755c       0x2c binaries/ip.o
                0x8103755c                ipoqueue
 COMMON         0x81037588       0xb8 binaries/net.o
                0x81037588                netbufpool
                0x8103758c                netportseed
                0x81037590                NetData
 COMMON         0x81037640      0x168 binaries/udp.o
                0x81037640                udptab
                0x810377a8                ebss = ABSOLUTE (.)
                0x81038000                . = ALIGN (0x1000)
 *fill*         0x810377a8      0x858 
 */()
                0x81038000                end = ABSOLUTE (.)
[...]
 .ARM.attributes
                0x00001d8b       0x35 binaries/rdsopen.o
 .ARM.attributes
                0x00001dc0       0x35 binaries/rdsprocess.o
 .ARM.attributes
                0x00001df5       0x35 binaries/rdsread.o
 .ARM.attributes
                0x00001e2a       0x35 binaries/rdswrite.o
 .ARM.attributes
                0x00001e5f       0x35 binaries/ramclose.o
 .ARM.attributes
                0x00001e94       0x35 binaries/raminit.o
 .ARM.attributes
                0x00001ec9       0x35 binaries/ramopen.o
 .ARM.attributes
                0x00001efe       0x35 binaries/ramread.o
 .ARM.attributes
                0x00001f33       0x35 binaries/ramwrite.o
 .ARM.attributes
                0x00001f68       0x35 binaries/lfdballoc.o
 .ARM.attributes
                0x00001f9d       0x35 binaries/lfdbfree.o
 .ARM.attributes
                0x00001fd2       0x35 binaries/lfflush.o
 .ARM.attributes
                0x00002007       0x35 binaries/lfgetmode.o
 .ARM.attributes
                0x0000203c       0x35 binaries/lfiballoc.o
 .ARM.attributes
                0x00002071       0x35 binaries/lfibclear.o
 .ARM.attributes
                0x000020a6       0x35 binaries/lfibget.o
 .ARM.attributes
                0x000020db       0x35 binaries/lfibput.o
 .ARM.attributes
                0x00002110       0x35 binaries/lflclose.o
 .ARM.attributes
                0x00002145       0x35 binaries/lflcontrol.o
 .ARM.attributes
                0x0000217a       0x35 binaries/lflgetc.o
 .ARM.attributes
                0x000021af       0x35 binaries/lflinit.o
 .ARM.attributes
                0x000021e4       0x35 binaries/lflputc.o
 .ARM.attributes
                0x00002219       0x35 binaries/lflread.o
 .ARM.attributes
                0x0000224e       0x35 binaries/lflseek.o
 .ARM.attributes
                0x00002283       0x35 binaries/lflwrite.o
 .ARM.attributes
                0x000022b8       0x35 binaries/lfscheck.o
 .ARM.attributes
                0x000022ed       0x35 binaries/lfsckfmt.o
 .ARM.attributes
                0x00002322       0x35 binaries/lfscreate.o
 .ARM.attributes
                0x00002357       0x35 binaries/lfsetup.o
 .ARM.attributes
                0x0000238c       0x35 binaries/lfsinit.o
 .ARM.attributes
                0x000023c1       0x35 binaries/lfsopen.o
 .ARM.attributes
                0x000023f6       0x35 binaries/lftruncate.o
 .ARM.attributes
                0x0000242b       0x35 binaries/rflclose.o
 .ARM.attributes
                0x00002460       0x35 binaries/rflgetc.o
 .ARM.attributes
                0x00002495       0x35 binaries/rflinit.o
 .ARM.attributes
                0x000024ca       0x35 binaries/rflputc.o
 .ARM.attributes
                0x000024ff       0x35 binaries/rflread.o
 .ARM.attributes
                0x00002534       0x35 binaries/rflseek.o
 .ARM.attributes
                0x00002569       0x35 binaries/rflwrite.o
 .ARM.attributes
                0x0000259e       0x35 binaries/rfscomm.o
 .ARM.attributes
                0x000025d3       0x35 binaries/rfscontrol.o
 .ARM.attributes
                0x00002608       0x35 binaries/rfsgetmode.o
 .ARM.attributes
                0x0000263d       0x35 binaries/rfsinit.o
 .ARM.attributes
                0x00002672       0x35 binaries/rfsndmsg.o
 .ARM.attributes
                0x000026a7       0x35 binaries/rfsopen.o
 .ARM.attributes
                0x000026dc       0x35 binaries/spicontrol.o
 .ARM.attributes
                0x00002711       0x35 binaries/spiinit.o
 .ARM.attributes
                0x00002746       0x35 binaries/arp.o
 .ARM.attributes
                0x0000277b       0x35 binaries/dhcp.o
 .ARM.attributes
                0x000027b0       0x35 binaries/dns.o
 .ARM.attributes
                0x000027e5       0x35 binaries/dot2ip.o
 .ARM.attributes
                0x0000281a       0x35 binaries/hexdump.o
 .ARM.attributes
                0x0000284f       0x35 binaries/icmp.o
 .ARM.attributes
                0x00002884       0x35 binaries/ip.o
 .ARM.attributes
                0x000028b9       0x35 binaries/net.o
 .ARM.attributes
                0x000028ee       0x35 binaries/pdump.o
 .ARM.attributes
                0x00002923       0x35 binaries/tftp.o
 .ARM.attributes
                0x00002958       0x35 binaries/udp.o
 .ARM.attributes
                0x0000298d       0x35 binaries/addargs.o
 .ARM.attributes
                0x000029c2       0x35 binaries/lexan.o
 .ARM.attributes
                0x000029f7       0x35 binaries/shell.o
 .ARM.attributes
                0x00002a2c       0x35 binaries/xsh_argecho.o
 .ARM.attributes
                0x00002a61       0x35 binaries/xsh_arp.o
 .ARM.attributes
                0x00002a96       0x35 binaries/xsh_cat.o
 .ARM.attributes
                0x00002acb       0x35 binaries/xsh_clear.o
 .ARM.attributes
                0x00002b00       0x35 binaries/xsh_date.o
 .ARM.attributes
                0x00002b35       0x35 binaries/xsh_devdump.o
 .ARM.attributes
                0x00002b6a       0x35 binaries/xsh_echo.o
 .ARM.attributes
                0x00002b9f       0x35 binaries/xsh_exit.o
 .ARM.attributes
                0x00002bd4       0x35 binaries/xsh_help.o
 .ARM.attributes
                0x00002c09       0x35 binaries/xsh_kill.o
 .ARM.attributes
                0x00002c3e       0x35 binaries/xsh_memdump.o
 .ARM.attributes
                0x00002c73       0x35 binaries/xsh_memstat.o
 .ARM.attributes
                0x00002ca8       0x35 binaries/xsh_netinfo.o
 .ARM.attributes
                0x00002cdd       0x35 binaries/xsh_ping.o
 .ARM.attributes
                0x00002d12       0x35 binaries/xsh_ps.o
 .ARM.attributes
                0x00002d47       0x35 binaries/xsh_sleep.o
 .ARM.attributes
                0x00002d7c       0x35 binaries/xsh_udpdump.o
 .ARM.attributes
                0x00002db1       0x35 binaries/xsh_udpecho.o
 .ARM.attributes
                0x00002de6       0x35 binaries/xsh_udpserver.o
 .ARM.attributes
                0x00002e1b       0x35 binaries/xsh_uptime.o
 .ARM.attributes
                0x00002e50       0x25 binaries/ctxsw.o
 .ARM.attributes
                0x00002e75       0x25 binaries/intr.o
 .ARM.attributes
                0x00002e9a       0x18 ../cross_compiler/lib/gcc/arm-none-eabi/4.8.1//libgcc.a(_udivsi3.o)
 .ARM.attributes
                0x00002eb2       0x18 ../cross_compiler/lib/gcc/arm-none-eabi/4.8.1//libgcc.a(_divsi3.o)
 .ARM.attributes
                0x00002eca       0x18 ../cross_compiler/lib/gcc/arm-none-eabi/4.8.1//libgcc.a(_dvmd_tls.o)
 .ARM.attributes
                0x00002ee2       0x18 ../cross_compiler/lib/gcc/arm-none-eabi/4.8.1//libgcc.a(_arm_muldivdf3.o)
 .ARM.attributes
                0x00002efa       0x18 ../cross_compiler/lib/gcc/arm-none-eabi/4.8.1//libgcc.a(_arm_cmpdf2.o)
 .ARM.attributes
                0x00002f12       0x18 ../cross_compiler/lib/gcc/arm-none-eabi/4.8.1//libgcc.a(_arm_fixdfsi.o)

.comment        0x00000000       0x30
 .comment       0x00000000       0x30 binaries/ascdate.o
                                 0x31 (size before relaxing)
 .comment       0x00000000       0x31 binaries/bufinit.o
 .comment       0x00000000       0x31 binaries/chprio.o
 .comment       0x00000000       0x31 binaries/clkhandler.o
 .comment       0x00000000       0x31 binaries/clkinit.o
 .comment       0x00000000       0x31 binaries/close.o
 .comment       0x00000000       0x31 binaries/conf.o
 .comment       0x00000000       0x31 binaries/control.o
 .comment       0x00000000       0x31 binaries/create.o
 .comment       0x00000000       0x31 binaries/evec.o
 .comment       0x00000000       0x31 binaries/exit.o
 .comment       0x00000000       0x31 binaries/freebuf.o
 .comment       0x00000000       0x31 binaries/freemem.o
 .comment       0x00000000       0x31 binaries/getbuf.o
 .comment       0x00000000       0x31 binaries/getc.o
 .comment       0x00000000       0x31 binaries/getdev.o
 .comment       0x00000000       0x31 binaries/getitem.o
 .comment       0x00000000       0x31 binaries/getmem.o
 .comment       0x00000000       0x31 binaries/getpid.o
 .comment       0x00000000       0x31 binaries/getprio.o
 .comment       0x00000000       0x31 binaries/getstk.o
 .comment       0x00000000       0x31 binaries/getticks.o
 .comment       0x00000000       0x31 binaries/gettime.o
 .comment       0x00000000       0x31 binaries/getutime.o
 .comment       0x00000000       0x31 binaries/init.o
 .comment       0x00000000       0x31 binaries/initialize.o
 .comment       0x00000000       0x31 binaries/insert.o
 .comment       0x00000000       0x31 binaries/insertd.o
 .comment       0x00000000       0x31 binaries/ioerr.o
 .comment       0x00000000       0x31 binaries/ionull.o
 .comment       0x00000000       0x31 binaries/kill.o
 .comment       0x00000000       0x31 binaries/kprintf.o
 .comment       0x00000000       0x31 binaries/main.o
 .comment       0x00000000       0x31 binaries/mark.o
 .comment       0x00000000       0x31 binaries/meminit.o
 .comment       0x00000000       0x31 binaries/mkbufpool.o
 .comment       0x00000000       0x31 binaries/newqueue.o
 .comment       0x00000000       0x31 binaries/open.o
 .comment       0x00000000       0x31 binaries/panic.o
 .comment       0x00000000       0x31 binaries/platinit.o
 .comment       0x00000000       0x31 binaries/ptclear.o
 .comment       0x00000000       0x31 binaries/ptcount.o
 .comment       0x00000000       0x31 binaries/ptcreate.o
 .comment       0x00000000       0x31 binaries/ptdelete.o
 .comment       0x00000000       0x31 binaries/ptinit.o
 .comment       0x00000000       0x31 binaries/ptrecv.o
 .comment       0x00000000       0x31 binaries/ptreset.o
 .comment       0x00000000       0x31 binaries/ptsend.o
 .comment       0x00000000       0x31 binaries/putc.o
 .comment       0x00000000       0x31 binaries/queue.o
 .comment       0x00000000       0x31 binaries/read.o
 .comment       0x00000000       0x31 binaries/ready.o
 .comment       0x00000000       0x31 binaries/receive.o
 .comment       0x00000000       0x31 binaries/recvclr.o
 .comment       0x00000000       0x31 binaries/recvtime.o
 .comment       0x00000000       0x31 binaries/resched.o
 .comment       0x00000000       0x31 binaries/resume.o
 .comment       0x00000000       0x31 binaries/seek.o
 .comment       0x00000000       0x31 binaries/semcount.o
 .comment       0x00000000       0x31 binaries/semcreate.o
 .comment       0x00000000       0x31 binaries/semdelete.o
 .comment       0x00000000       0x31 binaries/semreset.o
 .comment       0x00000000       0x31 binaries/send.o
 .comment       0x00000000       0x31 binaries/signal.o
 .comment       0x00000000       0x31 binaries/signaln.o
 .comment       0x00000000       0x31 binaries/sleep.o
 .comment       0x00000000       0x31 binaries/suspend.o
 .comment       0x00000000       0x31 binaries/unsleep.o
 .comment       0x00000000       0x31 binaries/userret.o
 .comment       0x00000000       0x31 binaries/wait.o
 .comment       0x00000000       0x31 binaries/wakeup.o
 .comment       0x00000000       0x31 binaries/write.o
 .comment       0x00000000       0x31 binaries/xdone.o
 .comment       0x00000000       0x31 binaries/yield.o
 .comment       0x00000000       0x31 binaries/abs.o
 .comment       0x00000000       0x31 binaries/atoi.o
 .comment       0x00000000       0x31 binaries/atol.o
 .comment       0x00000000       0x31 binaries/bzero.o
 .comment       0x00000000       0x31 binaries/ctype_.o
 .comment       0x00000000       0x31 binaries/doprnt.o
 .comment       0x00000000       0x31 binaries/doscan.o
 .comment       0x00000000       0x31 binaries/fdoprnt.o
 .comment       0x00000000       0x31 binaries/fgetc.o
 .comment       0x00000000       0x31 binaries/fgets.o
 .comment       0x00000000       0x31 binaries/fprintf.o
 .comment       0x00000000       0x31 binaries/fputc.o
 .comment       0x00000000       0x31 binaries/fputs.o
 .comment       0x00000000       0x31 binaries/fscanf.o
 .comment       0x00000000       0x31 binaries/getchar.o
 .comment       0x00000000       0x31 binaries/labs.o
 .comment       0x00000000       0x31 binaries/memchr.o
 .comment       0x00000000       0x31 binaries/memcmp.o
 .comment       0x00000000       0x31 binaries/memcpy.o
 .comment       0x00000000       0x31 binaries/memset.o
 .comment       0x00000000       0x31 binaries/printf.o
 .comment       0x00000000       0x31 binaries/putchar.o
 .comment       0x00000000       0x31 binaries/qsort.o
 .comment       0x00000000       0x31 binaries/rand.o
 .comment       0x00000000       0x31 binaries/sprintf.o
 .comment       0x00000000       0x31 binaries/sscanf.o
 .comment       0x00000000       0x31 binaries/strchr.o
 .comment       0x00000000       0x31 binaries/strcmp.o
 .comment       0x00000000       0x31 binaries/strcpy.o
 .comment       0x00000000       0x31 binaries/strlen.o
 .comment       0x00000000       0x31 binaries/strncat.o
 .comment       0x00000000       0x31 binaries/strncmp.o
 .comment       0x00000000       0x31 binaries/strncpy.o
 .comment       0x00000000       0x31 binaries/strnlen.o
 .comment       0x00000000       0x31 binaries/strrchr.o
 .comment       0x00000000       0x31 binaries/strstr.o
 .comment       0x00000000       0x31 binaries/ttycontrol.o
 .comment       0x00000000       0x31 binaries/ttygetc.o
 .comment       0x00000000       0x31 binaries/ttyhandle_in.o
 .comment       0x00000000       0x31 binaries/ttyhandle_out.o
 .comment       0x00000000       0x31 binaries/ttyhandler.o
 .comment       0x00000000       0x31 binaries/ttyinit.o
 .comment       0x00000000       0x31 binaries/ttykickout.o
 .comment       0x00000000       0x31 binaries/ttyputc.o
 .comment       0x00000000       0x31 binaries/ttyread.o
 .comment       0x00000000       0x31 binaries/ttywrite.o
 .comment       0x00000000       0x31 binaries/mount.o
 .comment       0x00000000       0x31 binaries/naminit.o
 .comment       0x00000000       0x31 binaries/nammap.o
 .comment       0x00000000       0x31 binaries/namopen.o
 .comment       0x00000000       0x31 binaries/ethcontrol.o
 .comment       0x00000000       0x31 binaries/ethhandler.o
 .comment       0x00000000       0x31 binaries/ethinit.o
 .comment       0x00000000       0x31 binaries/ethread.o
 .comment       0x00000000       0x31 binaries/ethwrite.o
 .comment       0x00000000       0x31 binaries/gpio_handler.o
 .comment       0x00000000       0x31 binaries/gpio_init.o
 .comment       0x00000000       0x31 binaries/gpio_read.o
 .comment       0x00000000       0x31 binaries/gpio_write.o
 .comment       0x00000000       0x31 binaries/adchandler.o
 .comment       0x00000000       0x31 binaries/adcinit.o
 .comment       0x00000000       0x31 binaries/adcread.o
 .comment       0x00000000       0x31 binaries/adcsysctrl.o
 .comment       0x00000000       0x31 binaries/rdsbufalloc.o
 .comment       0x00000000       0x31 binaries/rdsclose.o
 .comment       0x00000000       0x31 binaries/rdscomm.o
 .comment       0x00000000       0x31 binaries/rdscontrol.o
 .comment       0x00000000       0x31 binaries/rdsinit.o
 .comment       0x00000000       0x31 binaries/rdsopen.o
 .comment       0x00000000       0x31 binaries/rdsprocess.o
 .comment       0x00000000       0x31 binaries/rdsread.o
 .comment       0x00000000       0x31 binaries/rdswrite.o
 .comment       0x00000000       0x31 binaries/ramclose.o
 .comment       0x00000000       0x31 binaries/raminit.o
 .comment       0x00000000       0x31 binaries/ramopen.o
 .comment       0x00000000       0x31 binaries/ramread.o
 .comment       0x00000000       0x31 binaries/ramwrite.o
 .comment       0x00000000       0x31 binaries/lfdballoc.o
 .comment       0x00000000       0x31 binaries/lfdbfree.o
 .comment       0x00000000       0x31 binaries/lfflush.o
 .comment       0x00000000       0x31 binaries/lfgetmode.o
 .comment       0x00000000       0x31 binaries/lfiballoc.o
 .comment       0x00000000       0x31 binaries/lfibclear.o
 .comment       0x00000000       0x31 binaries/lfibget.o
 .comment       0x00000000       0x31 binaries/lfibput.o
 .comment       0x00000000       0x31 binaries/lflclose.o
 .comment       0x00000000       0x31 binaries/lflcontrol.o
 .comment       0x00000000       0x31 binaries/lflgetc.o
 .comment       0x00000000       0x31 binaries/lflinit.o
 .comment       0x00000000       0x31 binaries/lflputc.o
 .comment       0x00000000       0x31 binaries/lflread.o
 .comment       0x00000000       0x31 binaries/lflseek.o
 .comment       0x00000000       0x31 binaries/lflwrite.o
 .comment       0x00000000       0x31 binaries/lfscheck.o
 .comment       0x00000000       0x31 binaries/lfsckfmt.o
 .comment       0x00000000       0x31 binaries/lfscreate.o
 .comment       0x00000000       0x31 binaries/lfsetup.o
 .comment       0x00000000       0x31 binaries/lfsinit.o
 .comment       0x00000000       0x31 binaries/lfsopen.o
 .comment       0x00000000       0x31 binaries/lftruncate.o
 .comment       0x00000000       0x31 binaries/rflclose.o
 .comment       0x00000000       0x31 binaries/rflgetc.o
 .comment       0x00000000       0x31 binaries/rflinit.o
 .comment       0x00000000       0x31 binaries/rflputc.o
 .comment       0x00000000       0x31 binaries/rflread.o
 .comment       0x00000000       0x31 binaries/rflseek.o
 .comment       0x00000000       0x31 binaries/rflwrite.o
 .comment       0x00000000       0x31 binaries/rfscomm.o
 .comment       0x00000000       0x31 binaries/rfscontrol.o
 .comment       0x00000000       0x31 binaries/rfsgetmode.o
 .comment       0x00000000       0x31 binaries/rfsinit.o
 .comment       0x00000000       0x31 binaries/rfsndmsg.o
 .comment       0x00000000       0x31 binaries/rfsopen.o
 .comment       0x00000000       0x31 binaries/spicontrol.o
 .comment       0x00000000       0x31 binaries/spiinit.o
 .comment       0x00000000       0x31 binaries/arp.o
 .comment       0x00000000       0x31 binaries/dhcp.o
 .comment       0x00000000       0x31 binaries/dns.o
 .comment       0x00000000       0x31 binaries/dot2ip.o
 .comment       0x00000000       0x31 binaries/hexdump.o
 .comment       0x00000000       0x31 binaries/icmp.o
 .comment       0x00000000       0x31 binaries/ip.o
 .comment       0x00000000       0x31 binaries/net.o
 .comment       0x00000000       0x31 binaries/pdump.o
 .comment       0x00000000       0x31 binaries/tftp.o
 .comment       0x00000000       0x31 binaries/udp.o
 .comment       0x00000000       0x31 binaries/addargs.o
 .comment       0x00000000       0x31 binaries/lexan.o
 .comment       0x00000000       0x31 binaries/shell.o
 .comment       0x00000000       0x31 binaries/xsh_argecho.o
 .comment       0x00000000       0x31 binaries/xsh_arp.o
 .comment       0x00000000       0x31 binaries/xsh_cat.o
 .comment       0x00000000       0x31 binaries/xsh_clear.o
 .comment       0x00000000       0x31 binaries/xsh_date.o
 .comment       0x00000000       0x31 binaries/xsh_devdump.o
 .comment       0x00000000       0x31 binaries/xsh_echo.o
 .comment       0x00000000       0x31 binaries/xsh_exit.o
 .comment       0x00000000       0x31 binaries/xsh_help.o
 .comment       0x00000000       0x31 binaries/xsh_kill.o
 .comment       0x00000000       0x31 binaries/xsh_memdump.o
 .comment       0x00000000       0x31 binaries/xsh_memstat.o
 .comment       0x00000000       0x31 binaries/xsh_netinfo.o
 .comment       0x00000000       0x31 binaries/xsh_ping.o
 .comment       0x00000000       0x31 binaries/xsh_ps.o
 .comment       0x00000000       0x31 binaries/xsh_sleep.o
 .comment       0x00000000       0x31 binaries/xsh_udpdump.o
 .comment       0x00000000       0x31 binaries/xsh_udpecho.o
 .comment       0x00000000       0x31 binaries/xsh_udpserver.o
 .comment       0x00000000       0x31 binaries/xsh_uptime.o

.debug_frame    0x00000000       0x40
 .debug_frame   0x00000000       0x20 ../cross_compiler/lib/gcc/arm-none-eabi/4.8.1//libgcc.a(_udivsi3.o)
 .debug_frame   0x00000020       0x20 ../cross_compiler/lib/gcc/arm-none-eabi/4.8.1//libgcc.a(_divsi3.o)
